Archive member included to satisfy reference by file (symbol)

C:/ST/STM32CubeIDE_1.16.0/STM32CubeIDE/plugins/com.st.stm32cube.ide.mcu.externaltools.gnu-tools-for-stm32.12.3.rel1.win32_1.1.0.202410251130/tools/bin/../lib/gcc/arm-none-eabi/12.3.1/../../../../arm-none-eabi/lib/thumb/v7e-m+dp/hard\libc_nano.a(libc_a-atoi.o)
                              ./Core/Src/main.o (atoi)
C:/ST/STM32CubeIDE_1.16.0/STM32CubeIDE/plugins/com.st.stm32cube.ide.mcu.externaltools.gnu-tools-for-stm32.12.3.rel1.win32_1.1.0.202410251130/tools/bin/../lib/gcc/arm-none-eabi/12.3.1/../../../../arm-none-eabi/lib/thumb/v7e-m+dp/hard\libc_nano.a(libc_a-exit.o)
                              C:/ST/STM32CubeIDE_1.16.0/STM32CubeIDE/plugins/com.st.stm32cube.ide.mcu.externaltools.gnu-tools-for-stm32.12.3.rel1.win32_1.1.0.202410251130/tools/bin/../lib/gcc/arm-none-eabi/12.3.1/../../../../arm-none-eabi/lib/thumb/v7e-m+dp/hard/crt0.o (exit)
C:/ST/STM32CubeIDE_1.16.0/STM32CubeIDE/plugins/com.st.stm32cube.ide.mcu.externaltools.gnu-tools-for-stm32.12.3.rel1.win32_1.1.0.202410251130/tools/bin/../lib/gcc/arm-none-eabi/12.3.1/../../../../arm-none-eabi/lib/thumb/v7e-m+dp/hard\libc_nano.a(libc_a-strtol.o)
                              C:/ST/STM32CubeIDE_1.16.0/STM32CubeIDE/plugins/com.st.stm32cube.ide.mcu.externaltools.gnu-tools-for-stm32.12.3.rel1.win32_1.1.0.202410251130/tools/bin/../lib/gcc/arm-none-eabi/12.3.1/../../../../arm-none-eabi/lib/thumb/v7e-m+dp/hard\libc_nano.a(libc_a-atoi.o) (_strtol_r)
C:/ST/STM32CubeIDE_1.16.0/STM32CubeIDE/plugins/com.st.stm32cube.ide.mcu.externaltools.gnu-tools-for-stm32.12.3.rel1.win32_1.1.0.202410251130/tools/bin/../lib/gcc/arm-none-eabi/12.3.1/../../../../arm-none-eabi/lib/thumb/v7e-m+dp/hard\libc_nano.a(libc_a-ctype_.o)
                              C:/ST/STM32CubeIDE_1.16.0/STM32CubeIDE/plugins/com.st.stm32cube.ide.mcu.externaltools.gnu-tools-for-stm32.12.3.rel1.win32_1.1.0.202410251130/tools/bin/../lib/gcc/arm-none-eabi/12.3.1/../../../../arm-none-eabi/lib/thumb/v7e-m+dp/hard\libc_nano.a(libc_a-strtol.o) (_ctype_)
C:/ST/STM32CubeIDE_1.16.0/STM32CubeIDE/plugins/com.st.stm32cube.ide.mcu.externaltools.gnu-tools-for-stm32.12.3.rel1.win32_1.1.0.202410251130/tools/bin/../lib/gcc/arm-none-eabi/12.3.1/../../../../arm-none-eabi/lib/thumb/v7e-m+dp/hard\libc_nano.a(libc_a-nano-vfprintf_float.o)
                              (_printf_float)
C:/ST/STM32CubeIDE_1.16.0/STM32CubeIDE/plugins/com.st.stm32cube.ide.mcu.externaltools.gnu-tools-for-stm32.12.3.rel1.win32_1.1.0.202410251130/tools/bin/../lib/gcc/arm-none-eabi/12.3.1/../../../../arm-none-eabi/lib/thumb/v7e-m+dp/hard\libc_nano.a(libc_a-nano-vfprintf_i.o)
                              C:/ST/STM32CubeIDE_1.16.0/STM32CubeIDE/plugins/com.st.stm32cube.ide.mcu.externaltools.gnu-tools-for-stm32.12.3.rel1.win32_1.1.0.202410251130/tools/bin/../lib/gcc/arm-none-eabi/12.3.1/../../../../arm-none-eabi/lib/thumb/v7e-m+dp/hard\libc_nano.a(libc_a-nano-vfprintf_float.o) (_printf_common)
C:/ST/STM32CubeIDE_1.16.0/STM32CubeIDE/plugins/com.st.stm32cube.ide.mcu.externaltools.gnu-tools-for-stm32.12.3.rel1.win32_1.1.0.202410251130/tools/bin/../lib/gcc/arm-none-eabi/12.3.1/../../../../arm-none-eabi/lib/thumb/v7e-m+dp/hard\libc_nano.a(libc_a-findfp.o)
                              C:/ST/STM32CubeIDE_1.16.0/STM32CubeIDE/plugins/com.st.stm32cube.ide.mcu.externaltools.gnu-tools-for-stm32.12.3.rel1.win32_1.1.0.202410251130/tools/bin/../lib/gcc/arm-none-eabi/12.3.1/../../../../arm-none-eabi/lib/thumb/v7e-m+dp/hard\libc_nano.a(libc_a-exit.o) (__stdio_exit_handler)
C:/ST/STM32CubeIDE_1.16.0/STM32CubeIDE/plugins/com.st.stm32cube.ide.mcu.externaltools.gnu-tools-for-stm32.12.3.rel1.win32_1.1.0.202410251130/tools/bin/../lib/gcc/arm-none-eabi/12.3.1/../../../../arm-none-eabi/lib/thumb/v7e-m+dp/hard\libc_nano.a(libc_a-fwalk.o)
                              C:/ST/STM32CubeIDE_1.16.0/STM32CubeIDE/plugins/com.st.stm32cube.ide.mcu.externaltools.gnu-tools-for-stm32.12.3.rel1.win32_1.1.0.202410251130/tools/bin/../lib/gcc/arm-none-eabi/12.3.1/../../../../arm-none-eabi/lib/thumb/v7e-m+dp/hard\libc_nano.a(libc_a-findfp.o) (_fwalk_sglue)
C:/ST/STM32CubeIDE_1.16.0/STM32CubeIDE/plugins/com.st.stm32cube.ide.mcu.externaltools.gnu-tools-for-stm32.12.3.rel1.win32_1.1.0.202410251130/tools/bin/../lib/gcc/arm-none-eabi/12.3.1/../../../../arm-none-eabi/lib/thumb/v7e-m+dp/hard\libc_nano.a(libc_a-printf.o)
                              ./Core/Src/main.o (printf)
C:/ST/STM32CubeIDE_1.16.0/STM32CubeIDE/plugins/com.st.stm32cube.ide.mcu.externaltools.gnu-tools-for-stm32.12.3.rel1.win32_1.1.0.202410251130/tools/bin/../lib/gcc/arm-none-eabi/12.3.1/../../../../arm-none-eabi/lib/thumb/v7e-m+dp/hard\libc_nano.a(libc_a-puts.o)
                              ./Core/Src/main.o (puts)
C:/ST/STM32CubeIDE_1.16.0/STM32CubeIDE/plugins/com.st.stm32cube.ide.mcu.externaltools.gnu-tools-for-stm32.12.3.rel1.win32_1.1.0.202410251130/tools/bin/../lib/gcc/arm-none-eabi/12.3.1/../../../../arm-none-eabi/lib/thumb/v7e-m+dp/hard\libc_nano.a(libc_a-sprintf.o)
[...]
Memory Configuration

Name             Origin             Length             Attributes
ITCMRAM          0x00000000         0x00010000         xrw
DTCMRAM          0x20000000         0x00020000         xrw
FLASH            0x08000000         0x00080000         xr
RAM_D1           0x24000000         0x00050000         xrw
RAM_D2           0x30000000         0x00008000         xrw
RAM_D3           0x38000000         0x00004000         xrw
*default*        0x00000000         0xffffffff

Linker script and memory map

LOAD C:/ST/STM32CubeIDE_1.16.0/STM32CubeIDE/plugins/com.st.stm32cube.ide.mcu.externaltools.gnu-tools-for-stm32.12.3.rel1.win32_1.1.0.202410251130/tools/bin/../lib/gcc/arm-none-eabi/12.3.1/thumb/v7e-m+dp/hard/crti.o
LOAD C:/ST/STM32CubeIDE_1.16.0/STM32CubeIDE/plugins/com.st.stm32cube.ide.mcu.externaltools.gnu-tools-for-stm32.12.3.rel1.win32_1.1.0.202410251130/tools/bin/../lib/gcc/arm-none-eabi/12.3.1/thumb/v7e-m+dp/hard/crtbegin.o
LOAD C:/ST/STM32CubeIDE_1.16.0/STM32CubeIDE/plugins/com.st.stm32cube.ide.mcu.externaltools.gnu-tools-for-stm32.12.3.rel1.win32_1.1.0.202410251130/tools/bin/../lib/gcc/arm-none-eabi/12.3.1/../../../../arm-none-eabi/lib/thumb/v7e-m+dp/hard/crt0.o
LOAD ./Core/Src/custom_bus.o
LOAD ./Core/Src/main.o
LOAD ./Core/Src/stm32h7xx_hal_msp.o
LOAD ./Core/Src/stm32h7xx_it.o
LOAD ./Core/Src/syscalls.o
LOAD ./Core/Src/sysmem.o
LOAD ./Core/Src/system_stm32h7xx.o
LOAD ./Core/Startup/startup_stm32h723vetx.o
LOAD ./Drivers/BSP/Components/lsm6dso/lsm6dso.o
LOAD ./Drivers/BSP/Components/lsm6dso/lsm6dso_reg.o
LOAD ./Drivers/STM32H7xx_HAL_Driver/Src/stm32h7xx_hal.o
LOAD ./Drivers/STM32H7xx_HAL_Driver/Src/stm32h7xx_hal_adc.o
LOAD ./Drivers/STM32H7xx_HAL_Driver/Src/stm32h7xx_hal_adc_ex.o
LOAD ./Drivers/STM32H7xx_HAL_Driver/Src/stm32h7xx_hal_cortex.o
LOAD ./Drivers/STM32H7xx_HAL_Driver/Src/stm32h7xx_hal_dma.o
LOAD ./Drivers/STM32H7xx_HAL_Driver/Src/stm32h7xx_hal_dma_ex.o
LOAD ./Drivers/STM32H7xx_HAL_Driver/Src/stm32h7xx_hal_exti.o
LOAD ./Drivers/STM32H7xx_HAL_Driver/Src/stm32h7xx_hal_fdcan.o
LOAD ./Drivers/STM32H7xx_HAL_Driver/Src/stm32h7xx_hal_flash.o
LOAD ./Drivers/STM32H7xx_HAL_Driver/Src/stm32h7xx_hal_flash_ex.o
LOAD ./Drivers/STM32H7xx_HAL_Driver/Src/stm32h7xx_hal_gpio.o
LOAD ./Drivers/STM32H7xx_HAL_Driver/Src/stm32h7xx_hal_hsem.o
LOAD ./Drivers/STM32H7xx_HAL_Driver/Src/stm32h7xx_hal_i2c.o
LOAD ./Drivers/STM32H7xx_HAL_Driver/Src/stm32h7xx_hal_i2c_ex.o
LOAD ./Drivers/STM32H7xx_HAL_Driver/Src/stm32h7xx_hal_iwdg.o
LOAD ./Drivers/STM32H7xx_HAL_Driver/Src/stm32h7xx_hal_mdma.o
LOAD ./Drivers/STM32H7xx_HAL_Driver/Src/stm32h7xx_hal_pwr.o
LOAD ./Drivers/STM32H7xx_HAL_Driver/Src/stm32h7xx_hal_pwr_ex.o
LOAD ./Drivers/STM32H7xx_HAL_Driver/Src/stm32h7xx_hal_rcc.o
LOAD ./Drivers/STM32H7xx_HAL_Driver/Src/stm32h7xx_hal_rcc_ex.o
LOAD ./Drivers/STM32H7xx_HAL_Driver/Src/stm32h7xx_hal_tim.o
LOAD ./Drivers/STM32H7xx_HAL_Driver/Src/stm32h7xx_hal_tim_ex.o
LOAD ./Drivers/STM32H7xx_HAL_Driver/Src/stm32h7xx_hal_uart.o
LOAD ./Drivers/STM32H7xx_HAL_Driver/Src/stm32h7xx_hal_uart_ex.o
START GROUP
LOAD C:/ST/STM32CubeIDE_1.16.0/STM32CubeIDE/plugins/com.st.stm32cube.ide.mcu.externaltools.gnu-tools-for-stm32.12.3.rel1.win32_1.1.0.202410251130/tools/bin/../lib/gcc/arm-none-eabi/12.3.1/../../../../arm-none-eabi/lib/thumb/v7e-m+dp/hard\libc_nano.a
LOAD C:/ST/STM32CubeIDE_1.16.0/STM32CubeIDE/plugins/com.st.stm32cube.ide.mcu.externaltools.gnu-tools-for-stm32.12.3.rel1.win32_1.1.0.202410251130/tools/bin/../lib/gcc/arm-none-eabi/12.3.1/../../../../arm-none-eabi/lib/thumb/v7e-m+dp/hard\libm.a
END GROUP
START GROUP
LOAD C:/ST/STM32CubeIDE_1.16.0/STM32CubeIDE/plugins/com.st.stm32cube.ide.mcu.externaltools.gnu-tools-for-stm32.12.3.rel1.win32_1.1.0.202410251130/tools/bin/../lib/gcc/arm-none-eabi/12.3.1/thumb/v7e-m+dp/hard\libgcc.a
LOAD C:/ST/STM32CubeIDE_1.16.0/STM32CubeIDE/plugins/com.st.stm32cube.ide.mcu.externaltools.gnu-tools-for-stm32.12.3.rel1.win32_1.1.0.202410251130/tools/bin/../lib/gcc/arm-none-eabi/12.3.1/../../../../arm-none-eabi/lib/thumb/v7e-m+dp/hard\libc_nano.a
END GROUP
START GROUP
LOAD C:/ST/STM32CubeIDE_1.16.0/STM32CubeIDE/plugins/com.st.stm32cube.ide.mcu.externaltools.gnu-tools-for-stm32.12.3.rel1.win32_1.1.0.202410251130/tools/bin/../lib/gcc/arm-none-eabi/12.3.1/thumb/v7e-m+dp/hard\libgcc.a
LOAD C:/ST/STM32CubeIDE_1.16.0/STM32CubeIDE/plugins/com.st.stm32cube.ide.mcu.externaltools.gnu-tools-for-stm32.12.3.rel1.win32_1.1.0.202410251130/tools/bin/../lib/gcc/arm-none-eabi/12.3.1/../../../../arm-none-eabi/lib/thumb/v7e-m+dp/hard\libc_nano.a
LOAD C:/ST/STM32CubeIDE_1.16.0/STM32CubeIDE/plugins/com.st.stm32cube.ide.mcu.externaltools.gnu-tools-for-stm32.12.3.rel1.win32_1.1.0.202410251130/tools/bin/../lib/gcc/arm-none-eabi/12.3.1/../../../../arm-none-eabi/lib/thumb/v7e-m+dp/hard\libnosys.a
END GROUP
START GROUP
LOAD C:/ST/STM32CubeIDE_1.16.0/STM32CubeIDE/plugins/com.st.stm32cube.ide.mcu.externaltools.gnu-tools-for-stm32.12.3.rel1.win32_1.1.0.202410251130/tools/bin/../lib/gcc/arm-none-eabi/12.3.1/thumb/v7e-m+dp/hard\libgcc.a
LOAD C:/ST/STM32CubeIDE_1.16.0/STM32CubeIDE/plugins/com.st.stm32cube.ide.mcu.externaltools.gnu-tools-for-stm32.12.3.rel1.win32_1.1.0.202410251130/tools/bin/../lib/gcc/arm-none-eabi/12.3.1/../../../../arm-none-eabi/lib/thumb/v7e-m+dp/hard\libc_nano.a
LOAD C:/ST/STM32CubeIDE_1.16.0/STM32CubeIDE/plugins/com.st.stm32cube.ide.mcu.externaltools.gnu-tools-for-stm32.12.3.rel1.win32_1.1.0.202410251130/tools/bin/../lib/gcc/arm-none-eabi/12.3.1/../../../../arm-none-eabi/lib/thumb/v7e-m+dp/hard\libnosys.a
END GROUP
LOAD C:/ST/STM32CubeIDE_1.16.0/STM32CubeIDE/plugins/com.st.stm32cube.ide.mcu.externaltools.gnu-tools-for-stm32.12.3.rel1.win32_1.1.0.202410251130/tools/bin/../lib/gcc/arm-none-eabi/12.3.1/thumb/v7e-m+dp/hard/crtend.o
LOAD C:/ST/STM32CubeIDE_1.16.0/STM32CubeIDE/plugins/com.st.stm32cube.ide.mcu.externaltools.gnu-tools-for-stm32.12.3.rel1.win32_1.1.0.202410251130/tools/bin/../lib/gcc/arm-none-eabi/12.3.1/thumb/v7e-m+dp/hard/crtn.o
                0x24050000                        _estack = (ORIGIN (RAM_D1) + LENGTH (RAM_D1))
                0x00000200                        _Min_Heap_Size = 0x200
                0x00000400                        _Min_Stack_Size = 0x400

.isr_vector     0x08000000      0x2cc
                0x08000000                        . = ALIGN (0x4)
 *(.isr_vector)
 .isr_vector    0x08000000      0x2cc ./Core/Startup/startup_stm32h723vetx.o
                0x08000000                g_pfnVectors
                0x080002cc                        . = ALIGN (0x4)

.text           0x080002d0    0x1cb8c
                0x080002d0                        . = ALIGN (0x4)
 *(.text)
 .text          0x080002d0       0x40 C:/ST/STM32CubeIDE_1.16.0/STM32CubeIDE/plugins/com.st.stm32cube.ide.mcu.externaltools.gnu-tools-for-stm32.12.3.rel1.win32_1.1.0.202410251130/tools/bin/../lib/gcc/arm-none-eabi/12.3.1/thumb/v7e-m+dp/hard/crtbegin.o
 .text          0x08000310       0xa0 C:/ST/STM32CubeIDE_1.16.0/STM32CubeIDE/plugins/com.st.stm32cube.ide.mcu.externaltools.gnu-tools-for-stm32.12.3.rel1.win32_1.1.0.202410251130/tools/bin/../lib/gcc/arm-none-eabi/12.3.1/../../../../arm-none-eabi/lib/thumb/v7e-m+dp/hard\libc_nano.a(libc_a-memchr.o)
                0x08000310                memchr
 .text          0x080003b0       0x10 C:/ST/STM32CubeIDE_1.16.0/STM32CubeIDE/plugins/com.st.stm32cube.ide.mcu.externaltools.gnu-tools-for-stm32.12.3.rel1.win32_1.1.0.202410251130/tools/bin/../lib/gcc/arm-none-eabi/12.3.1/../../../../arm-none-eabi/lib/thumb/v7e-m+dp/hard\libc_nano.a(libc_a-strlen.o)
                0x080003b0                strlen
 .text          0x080003c0       0x30 C:/ST/STM32CubeIDE_1.16.0/STM32CubeIDE/plugins/com.st.stm32cube.ide.mcu.externaltools.gnu-tools-for-stm32.12.3.rel1.win32_1.1.0.202410251130/tools/bin/../lib/gcc/arm-none-eabi/12.3.1/thumb/v7e-m+dp/hard\libgcc.a(_aeabi_uldivmod.o)
                0x080003c0                __aeabi_uldivmod
 .text          0x080003f0      0x2bc C:/ST/STM32CubeIDE_1.16.0/STM32CubeIDE/plugins/com.st.stm32cube.ide.mcu.externaltools.gnu-tools-for-stm32.12.3.rel1.win32_1.1.0.202410251130/tools/bin/../lib/gcc/arm-none-eabi/12.3.1/thumb/v7e-m+dp/hard\libgcc.a(_udivmoddi4.o)
                0x080003f0                __udivmoddi4
 .text          0x080006ac        0x4 C:/ST/STM32CubeIDE_1.16.0/STM32CubeIDE/plugins/com.st.stm32cube.ide.mcu.externaltools.gnu-tools-for-stm32.12.3.rel1.win32_1.1.0.202410251130/tools/bin/../lib/gcc/arm-none-eabi/12.3.1/thumb/v7e-m+dp/hard\libgcc.a(_dvmd_tls.o)
                0x080006ac                __aeabi_idiv0
                0x080006ac                __aeabi_ldiv0
 *(.text*)
 .text.BSP_I2C4_Init
                0x080006b0       0x7c ./Core/Src/custom_bus.o
                0x080006b0                BSP_I2C4_Init
 .text.BSP_I2C4_DeInit
                0x0800072c       0x50 ./Core/Src/custom_bus.o
                0x0800072c                BSP_I2C4_DeInit
 .text.BSP_I2C4_WriteReg
                0x0800077c       0x64 ./Core/Src/custom_bus.o
                0x0800077c                BSP_I2C4_WriteReg
 .text.BSP_I2C4_ReadReg
                0x080007e0       0x64 ./Core/Src/custom_bus.o
                0x080007e0                BSP_I2C4_ReadReg
 .text.BSP_GetTick
                0x08000844        0xe ./Core/Src/custom_bus.o
                0x08000844                BSP_GetTick
 *fill*         0x08000852        0x2 
 .text.MX_I2C4_Init
                0x08000854       0x88 ./Core/Src/custom_bus.o
                0x08000854                MX_I2C4_Init
 .text.I2C4_MspInit
                0x080008dc       0xd8 ./Core/Src/custom_bus.o
 .text.I2C4_MspDeInit
                0x080009b4       0x3c ./Core/Src/custom_bus.o
 .text.ITM_SendChar
                0x080009f0       0x4e ./Core/Src/main.o
 *fill*         0x08000a3e        0x2 
 .text.AddCharToUartBuf
                0x08000a40       0x98 ./Core/Src/main.o
                0x08000a40                AddCharToUartBuf
 .text.processUartMsg
                0x08000ad8      0x5ac ./Core/Src/main.o
                0x08000ad8                processUartMsg
 .text.str_to_Int
                0x08001084       0x70 ./Core/Src/main.o
                0x08001084                str_to_Int
 .text.SendIOstatus
                0x080010f4     0x1cd8 ./Core/Src/main.o
                0x080010f4                SendIOstatus
 .text.PRINTF   0x08002dcc       0x64 ./Core/Src/main.o
                0x08002dcc                PRINTF
 .text.MEMS_Init
                0x08002e30       0xf0 ./Core/Src/main.o
                0x08002e30                MEMS_Init
 .text.LSM6DSO_Read_All_FIFO_Data
                0x08002f20       0x48 ./Core/Src/main.o
 .text.LSM6DSO_Read_Single_FIFO_Data
                0x08002f68      0x108 ./Core/Src/main.o
 .text.Check_MEMS
                0x08003070      0x318 ./Core/Src/main.o
                0x08003070                Check_MEMS
 .text.Stop_Motors
                0x08003388       0x44 ./Core/Src/main.o
                0x08003388                Stop_Motors
 *fill*         0x080033cc        0x4 
 .text.calculateDoorSpeed
                0x080033d0      0x194 ./Core/Src/main.o
                0x080033d0                calculateDoorSpeed
 .text.SetMotorSpeedBySingleAngle
                0x08003564      0x294 ./Core/Src/main.o
                0x08003564                SetMotorSpeedBySingleAngle
 .text.SetMotorSpeedbyInclination
                0x080037f8      0x16c ./Core/Src/main.o
                0x080037f8                SetMotorSpeedbyInclination
 .text.Send_CAN_data
                0x08003964      0x7c4 ./Core/Src/main.o
                0x08003964                Send_CAN_data
 .text.Check_Door_State
                0x08004128      0x118 ./Core/Src/main.o
                0x08004128                Check_Door_State
 .text.Check_CAN_data
                0x08004240      0x254 ./Core/Src/main.o
                0x08004240                Check_CAN_data
 .text.CheckDTCError
                0x08004494      0x1ac ./Core/Src/main.o
                0x08004494                CheckDTCError
 .text.Set_CAN_Filters
                0x08004640       0xe8 ./Core/Src/main.o
                0x08004640                Set_CAN_Filters
 .text.Set_CAN_Tx_Messages
                0x08004728      0x2a0 ./Core/Src/main.o
                0x08004728                Set_CAN_Tx_Messages
 .text.Timer_Check
                0x080049c8      0x158 ./Core/Src/main.o
                0x080049c8                Timer_Check
 .text.TIM6CountEvent
                0x08004b20      0x30c ./Core/Src/main.o
                0x08004b20                TIM6CountEvent
 .text.ErrorMsgSend
                0x08004e2c      0x14c ./Core/Src/main.o
                0x08004e2c                ErrorMsgSend
 .text.ReadWritEEPROMVariables
                0x08004f78      0x190 ./Core/Src/main.o
                0x08004f78                ReadWritEEPROMVariables
 .text.Resetdebounce
                0x08005108       0x34 ./Core/Src/main.o
                0x08005108                Resetdebounce
 .text.Initial_Before_Loop
                0x0800513c       0xf0 ./Core/Src/main.o
                0x0800513c                Initial_Before_Loop
 .text.FaultIndicator
                0x0800522c       0xa8 ./Core/Src/main.o
                0x0800522c                FaultIndicator
 .text.CheckReverseOperation
                0x080052d4       0xdc ./Core/Src/main.o
                0x080052d4                CheckReverseOperation
 .text.LEDFunction
                0x080053b0       0xb8 ./Core/Src/main.o
                0x080053b0                LEDFunction
 .text.CheckBraun_Op_Switch
                0x08005468       0x9c ./Core/Src/main.o
                0x08005468                CheckBraun_Op_Switch
 .text.CheckDateDays
                0x08005504       0x18 ./Core/Src/main.o
                0x08005504                CheckDateDays
 .text.convertDateToDays
                0x0800551c      0x154 ./Core/Src/main.o
                0x0800551c                convertDateToDays
 .text.SetDTCError
                0x08005670       0x20 ./Core/Src/main.o
                0x08005670                SetDTCError
 .text.RampLight_Operation
                0x08005690       0xa0 ./Core/Src/main.o
                0x08005690                RampLight_Operation
 .text.CheckFaultCode
                0x08005730       0xe8 ./Core/Src/main.o
                0x08005730                CheckFaultCode
 .text.DoorTimerCountSub
                0x08005818      0x5b8 ./Core/Src/main.o
                0x08005818                DoorTimerCountSub
 .text.MagnaOperation
                0x08005dd0       0x80 ./Core/Src/main.o
                0x08005dd0                MagnaOperation
 .text.LatchOperation
                0x08005e50       0x84 ./Core/Src/main.o
                0x08005e50                LatchOperation
 .text.ResetFlagsInIDLE
                0x08005ed4      0x13c ./Core/Src/main.o
                0x08005ed4                ResetFlagsInIDLE
 .text.Set_Timeout_Error
                0x08006010       0x58 ./Core/Src/main.o
                0x08006010                Set_Timeout_Error
 .text.start_OP_Door
                0x08006068       0x58 ./Core/Src/main.o
                0x08006068                start_OP_Door
 .text.CheckBumpStripEvent
                0x080060c0       0x44 ./Core/Src/main.o
                0x080060c0                CheckBumpStripEvent
 .text._write   0x08006104       0x3c ./Core/Src/main.o
                0x08006104                _write
 .text._Error_Handler
                0x08006140       0x24 ./Core/Src/main.o
                0x08006140                _Error_Handler
 .text.RunOutputCycle
                0x08006164       0x4c ./Core/Src/main.o
                0x08006164                RunOutputCycle
 .text.UpdateAllInputs
                0x080061b0      0x184 ./Core/Src/main.o
                0x080061b0                UpdateAllInputs
 .text.UpdateAlloutputs
                0x08006334      0x200 ./Core/Src/main.o
                0x08006334                UpdateAlloutputs
 .text.HAL_TIM_PeriodElapsedCallback
                0x08006534      0x198 ./Core/Src/main.o
                0x08006534                HAL_TIM_PeriodElapsedCallback
 .text.HAL_ADC_ConvHalfCpltCallback
                0x080066cc       0x14 ./Core/Src/main.o
                0x080066cc                HAL_ADC_ConvHalfCpltCallback
 .text.HAL_ADC_ConvCpltCallback
                0x080066e0      0x298 ./Core/Src/main.o
                0x080066e0                HAL_ADC_ConvCpltCallback
 .text.Outside_handle_Pressed
                0x08006978       0xdc ./Core/Src/main.o
                0x08006978                Outside_handle_Pressed
 .text.Braun_Op_Pressed
                0x08006a54       0xd4 ./Core/Src/main.o
                0x08006a54                Braun_Op_Pressed
 .text.HAL_GPIO_EXTI_Callback
                0x08006b28       0xa8 ./Core/Src/main.o
                0x08006b28                HAL_GPIO_EXTI_Callback
 .text.JumpToBootloader
                0x08006bd0       0x78 ./Core/Src/main.o
                0x08006bd0                JumpToBootloader
 .text.SetIWDGForStandbyMode
                0x08006c48       0x3e ./Core/Src/main.o
                0x08006c48                SetIWDGForStandbyMode
 .text.Current_Sleep_Mode_Check
                0x08006c86       0x14 ./Core/Src/main.o
                0x08006c86                Current_Sleep_Mode_Check
 *fill*         0x08006c9a        0x2 
 .text.main     0x08006c9c      0x2e8 ./Core/Src/main.o
                0x08006c9c                main
 .text.SystemClock_Config
                0x08006f84       0xe8 ./Core/Src/main.o
                0x08006f84                SystemClock_Config
 .text.PeriphCommonClock_Config
                0x0800706c       0x40 ./Core/Src/main.o
                0x0800706c                PeriphCommonClock_Config
 .text.MX_ADC1_Init
                0x080070ac      0x15c ./Core/Src/main.o
 .text.MX_FDCAN2_Init
                0x08007208       0xcc ./Core/Src/main.o
 .text.MX_IWDG1_Init
                0x080072d4       0x3c ./Core/Src/main.o
 .text.MX_TIM3_Init
                0x08007310       0xf0 ./Core/Src/main.o
 .text.MX_TIM4_Init
                0x08007400       0xf0 ./Core/Src/main.o
 .text.MX_TIM6_Init
                0x080074f0       0x70 ./Core/Src/main.o
 .text.MX_TIM7_Init
                0x08007560       0x6c ./Core/Src/main.o
 .text.MX_TIM8_Init
                0x080075cc       0xa8 ./Core/Src/main.o
 .text.MX_USART2_UART_Init
                0x08007674       0x98 ./Core/Src/main.o
 .text.MX_DMA_Init
                0x0800770c       0x40 ./Core/Src/main.o
 .text.MX_GPIO_Init
                0x0800774c      0x294 ./Core/Src/main.o
 .text.USART2_IRQHandler
                0x080079e0       0x8c ./Core/Src/main.o
                0x080079e0                USART2_IRQHandler
 .text.Read_Variable_From_Memory
                0x08007a6c       0x6c ./Core/Src/main.o
                0x08007a6c                Read_Variable_From_Memory
 .text.HAL_FDCAN_RxFifo0Callback
                0x08007ad8       0x34 ./Core/Src/main.o
                0x08007ad8                HAL_FDCAN_RxFifo0Callback
 .text.Error_Handler
                0x08007b0c        0xe ./Core/Src/main.o
                0x08007b0c                Error_Handler
 *fill*         0x08007b1a        0x2 
 .text.HAL_MspInit
                0x08007b1c       0x34 ./Core/Src/stm32h7xx_hal_msp.o
                0x08007b1c                HAL_MspInit
 .text.HAL_ADC_MspInit
                0x08007b50      0x1a0 ./Core/Src/stm32h7xx_hal_msp.o
                0x08007b50                HAL_ADC_MspInit
 .text.HAL_FDCAN_MspInit
                0x08007cf0       0xe0 ./Core/Src/stm32h7xx_hal_msp.o
                0x08007cf0                HAL_FDCAN_MspInit
 .text.HAL_TIM_Base_MspInit
                0x08007dd0      0x118 ./Core/Src/stm32h7xx_hal_msp.o
                0x08007dd0                HAL_TIM_Base_MspInit
 .text.HAL_TIM_MspPostInit
                0x08007ee8       0xc4 ./Core/Src/stm32h7xx_hal_msp.o
                0x08007ee8                HAL_TIM_MspPostInit
 .text.HAL_UART_MspInit
                0x08007fac       0xe0 ./Core/Src/stm32h7xx_hal_msp.o
                0x08007fac                HAL_UART_MspInit
 .text.NMI_Handler
                0x0800808c        0x8 ./Core/Src/stm32h7xx_it.o
                0x0800808c                NMI_Handler
 .text.HardFault_Handler
                0x08008094        0x8 ./Core/Src/stm32h7xx_it.o
                0x08008094                HardFault_Handler
 .text.MemManage_Handler
                0x0800809c        0x8 ./Core/Src/stm32h7xx_it.o
                0x0800809c                MemManage_Handler
 .text.BusFault_Handler
                0x080080a4        0x8 ./Core/Src/stm32h7xx_it.o
                0x080080a4                BusFault_Handler
 .text.UsageFault_Handler
                0x080080ac        0x8 ./Core/Src/stm32h7xx_it.o
                0x080080ac                UsageFault_Handler
 .text.SVC_Handler
                0x080080b4        0xe ./Core/Src/stm32h7xx_it.o
                0x080080b4                SVC_Handler
 .text.DebugMon_Handler
                0x080080c2        0xe ./Core/Src/stm32h7xx_it.o
                0x080080c2                DebugMon_Handler
 .text.PendSV_Handler
                0x080080d0        0xe ./Core/Src/stm32h7xx_it.o
                0x080080d0                PendSV_Handler
 .text.SysTick_Handler
                0x080080de        0xc ./Core/Src/stm32h7xx_it.o
                0x080080de                SysTick_Handler
 .text.EXTI0_IRQHandler
                0x080080ea        0xe ./Core/Src/stm32h7xx_it.o
                0x080080ea                EXTI0_IRQHandler
 .text.DMA1_Stream0_IRQHandler
                0x080080f8       0x14 ./Core/Src/stm32h7xx_it.o
                0x080080f8                DMA1_Stream0_IRQHandler
 .text.ADC_IRQHandler
                0x0800810c       0x14 ./Core/Src/stm32h7xx_it.o
                0x0800810c                ADC_IRQHandler
 .text.FDCAN2_IT0_IRQHandler
                0x08008120       0x14 ./Core/Src/stm32h7xx_it.o
                0x08008120                FDCAN2_IT0_IRQHandler
 .text.EXTI15_10_IRQHandler
                0x08008134       0x18 ./Core/Src/stm32h7xx_it.o
                0x08008134                EXTI15_10_IRQHandler
 .text.TIM6_DAC_IRQHandler
                0x0800814c       0x14 ./Core/Src/stm32h7xx_it.o
                0x0800814c                TIM6_DAC_IRQHandler
 .text.TIM7_IRQHandler
                0x08008160       0x14 ./Core/Src/stm32h7xx_it.o
                0x08008160                TIM7_IRQHandler
 .text._getpid  0x08008174       0x10 ./Core/Src/syscalls.o
                0x08008174                _getpid
 .text._kill    0x08008184       0x20 ./Core/Src/syscalls.o
                0x08008184                _kill
 .text._exit    0x080081a4       0x16 ./Core/Src/syscalls.o
                0x080081a4                _exit
 .text._read    0x080081ba       0x3a ./Core/Src/syscalls.o
                0x080081ba                _read
 .text._close   0x080081f4       0x18 ./Core/Src/syscalls.o
                0x080081f4                _close
 .text._fstat   0x0800820c       0x20 ./Core/Src/syscalls.o
                0x0800820c                _fstat
 .text._isatty  0x0800822c       0x16 ./Core/Src/syscalls.o
                0x0800822c                _isatty
 .text._lseek   0x08008242       0x1a ./Core/Src/syscalls.o
                0x08008242                _lseek
 .text._sbrk    0x0800825c       0x6c ./Core/Src/sysmem.o
                0x0800825c                _sbrk
 .text.SystemInit
                0x080082c8       0xf0 ./Core/Src/system_stm32h7xx.o
                0x080082c8                SystemInit
 .text.Reset_Handler
                0x080083b8       0x50 ./Core/Startup/startup_stm32h723vetx.o
                0x080083b8                Reset_Handler
 .text.Default_Handler
                0x08008408        0x2 ./Core/Startup/startup_stm32h723vetx.o
                0x08008408                RTC_Alarm_IRQHandler
                0x08008408                EXTI2_IRQHandler
                0x08008408                TIM8_CC_IRQHandler
                0x08008408                UART8_IRQHandler
                0x08008408                SPI4_IRQHandler
                0x08008408                FDCAN3_IT0_IRQHandler
                0x08008408                TIM1_CC_IRQHandler
                0x08008408                BDMA_Channel6_IRQHandler
                0x08008408                DMA2_Stream5_IRQHandler
                0x08008408                DMA1_Stream5_IRQHandler
                0x08008408                CORDIC_IRQHandler
                0x08008408                BDMA_Channel1_IRQHandler
                0x08008408                TAMP_STAMP_IRQHandler
                0x08008408                EXTI3_IRQHandler
                0x08008408                LPTIM4_IRQHandler
                0x08008408                TIM8_TRG_COM_TIM14_IRQHandler
                0x08008408                LPTIM2_IRQHandler
                0x08008408                DFSDM1_FLT1_IRQHandler
                0x08008408                DMAMUX2_OVR_IRQHandler
                0x08008408                TIM8_UP_TIM13_IRQHandler
                0x08008408                I2C3_ER_IRQHandler
                0x08008408                DFSDM1_FLT2_IRQHandler
                0x08008408                I2C5_EV_IRQHandler
                0x08008408                USART10_IRQHandler
                0x08008408                MDMA_IRQHandler
                0x08008408                LPTIM3_IRQHandler
                0x08008408                HSEM1_IRQHandler
                0x08008408                I2C2_EV_IRQHandler
                0x08008408                DMA1_Stream2_IRQHandler
                0x08008408                FPU_IRQHandler
                0x08008408                OTG_HS_WKUP_IRQHandler
                0x08008408                FDCAN1_IT1_IRQHandler
                0x08008408                LTDC_ER_IRQHandler
                0x08008408                DMA2_Stream2_IRQHandler
                0x08008408                SPI1_IRQHandler
                0x08008408                OCTOSPI1_IRQHandler
                0x08008408                DMA2_Stream3_IRQHandler
                0x08008408                OCTOSPI2_IRQHandler
                0x08008408                DFSDM1_FLT3_IRQHandler
                0x08008408                TIM23_IRQHandler
                0x08008408                USART6_IRQHandler
                0x08008408                TIM17_IRQHandler
                0x08008408                USART3_IRQHandler
                0x08008408                BDMA_Channel7_IRQHandler
                0x08008408                LPTIM5_IRQHandler
                0x08008408                UART5_IRQHandler
                0x08008408                ADC3_IRQHandler
                0x08008408                DMA2_Stream0_IRQHandler
                0x08008408                TIM4_IRQHandler
                0x08008408                BDMA_Channel2_IRQHandler
                0x08008408                I2C1_EV_IRQHandler
                0x08008408                DMA1_Stream6_IRQHandler
                0x08008408                DMAMUX1_OVR_IRQHandler
                0x08008408                DMA1_Stream1_IRQHandler
                0x08008408                TIM16_IRQHandler
                0x08008408                UART4_IRQHandler
                0x08008408                BDMA_Channel5_IRQHandler
                0x08008408                TIM3_IRQHandler
                0x08008408                RCC_IRQHandler
                0x08008408                UART9_IRQHandler
                0x08008408                TIM8_BRK_TIM12_IRQHandler
                0x08008408                TIM1_TRG_COM_IRQHandler
                0x08008408                Default_Handler
                0x08008408                ECC_IRQHandler
                0x08008408                FMAC_IRQHandler
                0x08008408                CEC_IRQHandler
                0x08008408                BDMA_Channel0_IRQHandler
                0x08008408                I2C5_ER_IRQHandler
                0x08008408                DMA1_Stream7_IRQHandler
                0x08008408                SPI5_IRQHandler
                0x08008408                FDCAN3_IT1_IRQHandler
                0x08008408                SDMMC1_IRQHandler
                0x08008408                TIM5_IRQHandler
                0x08008408                DMA2_Stream7_IRQHandler
                0x08008408                TIM15_IRQHandler
                0x08008408                PVD_AVD_IRQHandler
                0x08008408                I2C3_EV_IRQHandler
                0x08008408                EXTI9_5_IRQHandler
                0x08008408                RTC_WKUP_IRQHandler
                0x08008408                LTDC_IRQHandler
                0x08008408                ETH_WKUP_IRQHandler
                0x08008408                SPDIF_RX_IRQHandler
                0x08008408                SPI2_IRQHandler
                0x08008408                OTG_HS_EP1_IN_IRQHandler
                0x08008408                TIM24_IRQHandler
                0x08008408                CRS_IRQHandler
                0x08008408                EXTI4_IRQHandler
                0x08008408                RNG_IRQHandler
                0x08008408                FDCAN2_IT1_IRQHandler
                0x08008408                ETH_IRQHandler
                0x08008408                TIM1_UP_IRQHandler
                0x08008408                BDMA_Channel4_IRQHandler
                0x08008408                OTG_HS_EP1_OUT_IRQHandler
                0x08008408                WWDG_IRQHandler
                0x08008408                SPI6_IRQHandler
                0x08008408                MDIOS_IRQHandler
                0x08008408                I2C4_EV_IRQHandler
                0x08008408                LPUART1_IRQHandler
                0x08008408                FDCAN1_IT0_IRQHandler
                0x08008408                TIM2_IRQHandler
                0x08008408                OTG_HS_IRQHandler
                0x08008408                DMA2D_IRQHandler
                0x08008408                TIM1_BRK_IRQHandler
                0x08008408                EXTI1_IRQHandler
                0x08008408                SDMMC2_IRQHandler
                0x08008408                BDMA_Channel3_IRQHandler
                0x08008408                DTS_IRQHandler
                0x08008408                UART7_IRQHandler
                0x08008408                MDIOS_WKUP_IRQHandler
                0x08008408                DFSDM1_FLT0_IRQHandler
                0x08008408                SAI4_IRQHandler
                0x08008408                I2C2_ER_IRQHandler
                0x08008408                DMA2_Stream1_IRQHandler
                0x08008408                FLASH_IRQHandler
                0x08008408                DMA2_Stream4_IRQHandler
                0x08008408                USART1_IRQHandler
                0x08008408                SPI3_IRQHandler
                0x08008408                WAKEUP_PIN_IRQHandler
                0x08008408                DMA1_Stream4_IRQHandler
                0x08008408                I2C1_ER_IRQHandler
                0x08008408                FMC_IRQHandler
                0x08008408                FDCAN_CAL_IRQHandler
                0x08008408                SWPMI1_IRQHandler
                0x08008408                COMP1_IRQHandler
                0x08008408                LPTIM1_IRQHandler
                0x08008408                DCMI_PSSI_IRQHandler
                0x08008408                I2C4_ER_IRQHandler
                0x08008408                DMA2_Stream6_IRQHandler
                0x08008408                SAI1_IRQHandler
                0x08008408                DMA1_Stream3_IRQHandler
 *fill*         0x0800840a        0x2 
 .text.LSM6DSO_RegisterBusIO
                0x0800840c       0xd4 ./Drivers/BSP/Components/lsm6dso/lsm6dso.o
                0x0800840c                LSM6DSO_RegisterBusIO
 .text.LSM6DSO_Init
                0x080084e0       0xf2 ./Drivers/BSP/Components/lsm6dso/lsm6dso.o
                0x080084e0                LSM6DSO_Init
 .text.LSM6DSO_ReadID
                0x080085d2       0x2c ./Drivers/BSP/Components/lsm6dso/lsm6dso.o
                0x080085d2                LSM6DSO_ReadID
 .text.LSM6DSO_ACC_Enable
                0x080085fe       0x48 ./Drivers/BSP/Components/lsm6dso/lsm6dso.o
                0x080085fe                LSM6DSO_ACC_Enable
 *fill*         0x08008646        0x2 
 .text.LSM6DSO_ACC_GetSensitivity
                0x08008648       0x8c ./Drivers/BSP/Components/lsm6dso/lsm6dso.o
                0x08008648                LSM6DSO_ACC_GetSensitivity
 .text.LSM6DSO_ACC_SetOutputDataRate
                0x080086d4       0x22 ./Drivers/BSP/Components/lsm6dso/lsm6dso.o
                0x080086d4                LSM6DSO_ACC_SetOutputDataRate
 *fill*         0x080086f6        0x2 
 .text.LSM6DSO_ACC_SetOutputDataRate_With_Mode
                0x080086f8      0x33c ./Drivers/BSP/Components/lsm6dso/lsm6dso.o
                0x080086f8                LSM6DSO_ACC_SetOutputDataRate_With_Mode
 .text.LSM6DSO_ACC_SetFullScale
                0x08008a34       0x50 ./Drivers/BSP/Components/lsm6dso/lsm6dso.o
                0x08008a34                LSM6DSO_ACC_SetFullScale
 .text.LSM6DSO_ACC_GetAxesRaw
                0x08008a84       0x48 ./Drivers/BSP/Components/lsm6dso/lsm6dso.o
                0x08008a84                LSM6DSO_ACC_GetAxesRaw
 .text.LSM6DSO_ACC_GetAxes
                0x08008acc       0xae ./Drivers/BSP/Components/lsm6dso/lsm6dso.o
                0x08008acc                LSM6DSO_ACC_GetAxes
 .text.LSM6DSO_GYRO_Disable
                0x08008b7a       0x5e ./Drivers/BSP/Components/lsm6dso/lsm6dso.o
                0x08008b7a                LSM6DSO_GYRO_Disable
 .text.LSM6DSO_Read_Reg
                0x08008bd8       0x34 ./Drivers/BSP/Components/lsm6dso/lsm6dso.o
                0x08008bd8                LSM6DSO_Read_Reg
 .text.LSM6DSO_Write_Reg
                0x08008c0c       0x36 ./Drivers/BSP/Components/lsm6dso/lsm6dso.o
                0x08008c0c                LSM6DSO_Write_Reg
 .text.LSM6DSO_FIFO_Set_INT1_FIFO_Full
                0x08008c42       0x62 ./Drivers/BSP/Components/lsm6dso/lsm6dso.o
                0x08008c42                LSM6DSO_FIFO_Set_INT1_FIFO_Full
 .text.LSM6DSO_FIFO_Set_Watermark_Level
                0x08008ca4       0x30 ./Drivers/BSP/Components/lsm6dso/lsm6dso.o
                0x08008ca4                LSM6DSO_FIFO_Set_Watermark_Level
 .text.LSM6DSO_FIFO_Set_Stop_On_Fth
                0x08008cd4       0x30 ./Drivers/BSP/Components/lsm6dso/lsm6dso.o
                0x08008cd4                LSM6DSO_FIFO_Set_Stop_On_Fth
 .text.LSM6DSO_FIFO_ACC_Set_BDR
                0x08008d04      0x128 ./Drivers/BSP/Components/lsm6dso/lsm6dso.o
                0x08008d04                LSM6DSO_FIFO_ACC_Set_BDR
 .text.LSM6DSO_ACC_SetOutputDataRate_When_Enabled
                0x08008e2c      0x130 ./Drivers/BSP/Components/lsm6dso/lsm6dso.o
 .text.LSM6DSO_ACC_SetOutputDataRate_When_Disabled
                0x08008f5c      0x120 ./Drivers/BSP/Components/lsm6dso/lsm6dso.o
 .text.ReadRegWrap
                0x0800907c       0x36 ./Drivers/BSP/Components/lsm6dso/lsm6dso.o
 .text.WriteRegWrap
                0x080090b2       0x36 ./Drivers/BSP/Components/lsm6dso/lsm6dso.o
 .text.lsm6dso_read_reg
                0x080090e8       0x30 ./Drivers/BSP/Components/lsm6dso/lsm6dso_reg.o
                0x080090e8                lsm6dso_read_reg
 .text.lsm6dso_write_reg
                0x08009118       0x30 ./Drivers/BSP/Components/lsm6dso/lsm6dso_reg.o
                0x08009118                lsm6dso_write_reg
 .text.lsm6dso_xl_full_scale_set
                0x08009148       0x4c ./Drivers/BSP/Components/lsm6dso/lsm6dso_reg.o
                0x08009148                lsm6dso_xl_full_scale_set
 .text.lsm6dso_xl_full_scale_get
                0x08009194       0x70 ./Drivers/BSP/Components/lsm6dso/lsm6dso_reg.o
                0x08009194                lsm6dso_xl_full_scale_get
 .text.lsm6dso_xl_data_rate_set
                0x08009204      0x1f4 ./Drivers/BSP/Components/lsm6dso/lsm6dso_reg.o
                0x08009204                lsm6dso_xl_data_rate_set
 .text.lsm6dso_gy_full_scale_set
                0x080093f8       0x4c ./Drivers/BSP/Components/lsm6dso/lsm6dso_reg.o
                0x080093f8                lsm6dso_gy_full_scale_set
 .text.lsm6dso_gy_data_rate_set
                0x08009444      0x1f4 ./Drivers/BSP/Components/lsm6dso/lsm6dso_reg.o
                0x08009444                lsm6dso_gy_data_rate_set
 .text.lsm6dso_gy_data_rate_get
                0x08009638       0xc4 ./Drivers/BSP/Components/lsm6dso/lsm6dso_reg.o
                0x08009638                lsm6dso_gy_data_rate_get
 .text.lsm6dso_block_data_update_set
                0x080096fc       0x4c ./Drivers/BSP/Components/lsm6dso/lsm6dso_reg.o
                0x080096fc                lsm6dso_block_data_update_set
 .text.lsm6dso_acceleration_raw_get
                0x08009748       0x90 ./Drivers/BSP/Components/lsm6dso/lsm6dso_reg.o
                0x08009748                lsm6dso_acceleration_raw_get
 .text.lsm6dso_mem_bank_set
                0x080097d8       0x3a ./Drivers/BSP/Components/lsm6dso/lsm6dso_reg.o
                0x080097d8                lsm6dso_mem_bank_set
 .text.lsm6dso_device_id_get
                0x08009812       0x22 ./Drivers/BSP/Components/lsm6dso/lsm6dso_reg.o
                0x08009812                lsm6dso_device_id_get
 .text.lsm6dso_auto_increment_set
                0x08009834       0x4c ./Drivers/BSP/Components/lsm6dso/lsm6dso_reg.o
                0x08009834                lsm6dso_auto_increment_set
 .text.lsm6dso_i3c_disable_set
                0x08009880       0x90 ./Drivers/BSP/Components/lsm6dso/lsm6dso_reg.o
                0x08009880                lsm6dso_i3c_disable_set
 .text.lsm6dso_fifo_watermark_set
                0x08009910       0x70 ./Drivers/BSP/Components/lsm6dso/lsm6dso_reg.o
                0x08009910                lsm6dso_fifo_watermark_set
 .text.lsm6dso_fifo_stop_on_wtm_set
                0x08009980       0x4c ./Drivers/BSP/Components/lsm6dso/lsm6dso_reg.o
                0x08009980                lsm6dso_fifo_stop_on_wtm_set
 .text.lsm6dso_fifo_xl_batch_set
                0x080099cc       0x4c ./Drivers/BSP/Components/lsm6dso/lsm6dso_reg.o
                0x080099cc                lsm6dso_fifo_xl_batch_set
 .text.lsm6dso_fifo_mode_set
                0x08009a18       0x4c ./Drivers/BSP/Components/lsm6dso/lsm6dso_reg.o
                0x08009a18                lsm6dso_fifo_mode_set
 .text.lsm6dso_fsm_enable_get
                0x08009a64       0x42 ./Drivers/BSP/Components/lsm6dso/lsm6dso_reg.o
                0x08009a64                lsm6dso_fsm_enable_get
 *fill*         0x08009aa6        0x2 
 .text.lsm6dso_fsm_data_rate_get
                0x08009aa8       0x9c ./Drivers/BSP/Components/lsm6dso/lsm6dso_reg.o
                0x08009aa8                lsm6dso_fsm_data_rate_get
 .text.HAL_Init
                0x08009b44       0x78 ./Drivers/STM32H7xx_HAL_Driver/Src/stm32h7xx_hal.o
                0x08009b44                HAL_Init
 .text.HAL_InitTick
                0x08009bbc       0x6c ./Drivers/STM32H7xx_HAL_Driver/Src/stm32h7xx_hal.o
                0x08009bbc                HAL_InitTick
 .text.HAL_IncTick
                0x08009c28       0x28 ./Drivers/STM32H7xx_HAL_Driver/Src/stm32h7xx_hal.o
                0x08009c28                HAL_IncTick
 .text.HAL_GetTick
                0x08009c50       0x18 ./Drivers/STM32H7xx_HAL_Driver/Src/stm32h7xx_hal.o
                0x08009c50                HAL_GetTick
 .text.HAL_Delay
                0x08009c68       0x48 ./Drivers/STM32H7xx_HAL_Driver/Src/stm32h7xx_hal.o
                0x08009c68                HAL_Delay
 .text.LL_ADC_SetCommonClock
                0x08009cb0       0x26 ./Drivers/STM32H7xx_HAL_Driver/Src/stm32h7xx_hal_adc.o
 .text.LL_ADC_SetCommonPathInternalCh
                0x08009cd6       0x26 ./Drivers/STM32H7xx_HAL_Driver/Src/stm32h7xx_hal_adc.o
 .text.LL_ADC_GetCommonPathInternalCh
                0x08009cfc       0x1c ./Drivers/STM32H7xx_HAL_Driver/Src/stm32h7xx_hal_adc.o
 .text.LL_ADC_SetChannelPreselection
                0x08009d18       0x74 ./Drivers/STM32H7xx_HAL_Driver/Src/stm32h7xx_hal_adc.o
 .text.LL_ADC_SetOffset
                0x08009d8c       0x64 ./Drivers/STM32H7xx_HAL_Driver/Src/stm32h7xx_hal_adc.o
 .text.LL_ADC_GetOffsetChannel
                0x08009df0       0x2c ./Drivers/STM32H7xx_HAL_Driver/Src/stm32h7xx_hal_adc.o
 .text.LL_ADC_SetDataRightShift
                0x08009e1c       0x32 ./Drivers/STM32H7xx_HAL_Driver/Src/stm32h7xx_hal_adc.o
 *fill*         0x08009e4e        0x2 
 .text.LL_ADC_SetOffsetSignedSaturation
                0x08009e50       0x44 ./Drivers/STM32H7xx_HAL_Driver/Src/stm32h7xx_hal_adc.o
 .text.LL_ADC_SetOffsetSaturation
                0x08009e94       0x44 ./Drivers/STM32H7xx_HAL_Driver/Src/stm32h7xx_hal_adc.o
 .text.LL_ADC_SetOffsetSign
                0x08009ed8       0x44 ./Drivers/STM32H7xx_HAL_Driver/Src/stm32h7xx_hal_adc.o
 .text.LL_ADC_SetOffsetState
                0x08009f1c       0x54 ./Drivers/STM32H7xx_HAL_Driver/Src/stm32h7xx_hal_adc.o
 .text.LL_ADC_REG_IsTriggerSourceSWStart
                0x08009f70       0x26 ./Drivers/STM32H7xx_HAL_Driver/Src/stm32h7xx_hal_adc.o
 .text.LL_ADC_REG_SetSequencerRanks
                0x08009f96       0x58 ./Drivers/STM32H7xx_HAL_Driver/Src/stm32h7xx_hal_adc.o
 .text.LL_ADC_REG_SetDataTransferMode
                0x08009fee       0x26 ./Drivers/STM32H7xx_HAL_Driver/Src/stm32h7xx_hal_adc.o
 .text.LL_ADC_EnableDMAReq
                0x0800a014       0x20 ./Drivers/STM32H7xx_HAL_Driver/Src/stm32h7xx_hal_adc.o
 .text.LL_ADC_REG_SetDMATransferMode
                0x0800a034       0x34 ./Drivers/STM32H7xx_HAL_Driver/Src/stm32h7xx_hal_adc.o
 .text.LL_ADC_INJ_IsTriggerSourceSWStart
                0x0800a068       0x26 ./Drivers/STM32H7xx_HAL_Driver/Src/stm32h7xx_hal_adc.o
 .text.LL_ADC_SetChannelSamplingTime
                0x0800a08e       0x56 ./Drivers/STM32H7xx_HAL_Driver/Src/stm32h7xx_hal_adc.o
 .text.LL_ADC_SetChannelSingleDiff
                0x0800a0e4       0x80 ./Drivers/STM32H7xx_HAL_Driver/Src/stm32h7xx_hal_adc.o
 .text.LL_ADC_GetMultimode
                0x0800a164       0x1c ./Drivers/STM32H7xx_HAL_Driver/Src/stm32h7xx_hal_adc.o
 .text.LL_ADC_GetMultiDMATransfer
                0x0800a180       0x1c ./Drivers/STM32H7xx_HAL_Driver/Src/stm32h7xx_hal_adc.o
 .text.LL_ADC_DisableDeepPowerDown
                0x0800a19c       0x24 ./Drivers/STM32H7xx_HAL_Driver/Src/stm32h7xx_hal_adc.o
 .text.LL_ADC_IsDeepPowerDownEnabled
                0x0800a1c0       0x28 ./Drivers/STM32H7xx_HAL_Driver/Src/stm32h7xx_hal_adc.o
 .text.LL_ADC_EnableInternalRegulator
                0x0800a1e8       0x28 ./Drivers/STM32H7xx_HAL_Driver/Src/stm32h7xx_hal_adc.o
 .text.LL_ADC_IsInternalRegulatorEnabled
                0x0800a210       0x28 ./Drivers/STM32H7xx_HAL_Driver/Src/stm32h7xx_hal_adc.o
 .text.LL_ADC_Enable
                0x0800a238       0x28 ./Drivers/STM32H7xx_HAL_Driver/Src/stm32h7xx_hal_adc.o
 .text.LL_ADC_Disable
                0x0800a260       0x28 ./Drivers/STM32H7xx_HAL_Driver/Src/stm32h7xx_hal_adc.o
 .text.LL_ADC_IsEnabled
                0x0800a288       0x26 ./Drivers/STM32H7xx_HAL_Driver/Src/stm32h7xx_hal_adc.o
 .text.LL_ADC_IsDisableOngoing
                0x0800a2ae       0x26 ./Drivers/STM32H7xx_HAL_Driver/Src/stm32h7xx_hal_adc.o
 .text.LL_ADC_REG_StartConversion
                0x0800a2d4       0x28 ./Drivers/STM32H7xx_HAL_Driver/Src/stm32h7xx_hal_adc.o
 .text.LL_ADC_REG_IsConversionOngoing
                0x0800a2fc       0x26 ./Drivers/STM32H7xx_HAL_Driver/Src/stm32h7xx_hal_adc.o
 .text.LL_ADC_INJ_IsConversionOngoing
                0x0800a322       0x26 ./Drivers/STM32H7xx_HAL_Driver/Src/stm32h7xx_hal_adc.o
 .text.HAL_ADC_Init
                0x0800a348      0x410 ./Drivers/STM32H7xx_HAL_Driver/Src/stm32h7xx_hal_adc.o
                0x0800a348                HAL_ADC_Init
 .text.HAL_ADC_Start_IT
                0x0800a758      0x27c ./Drivers/STM32H7xx_HAL_Driver/Src/stm32h7xx_hal_adc.o
                0x0800a758                HAL_ADC_Start_IT
 .text.HAL_ADC_Start_DMA
                0x0800a9d4      0x1b8 ./Drivers/STM32H7xx_HAL_Driver/Src/stm32h7xx_hal_adc.o
                0x0800a9d4                HAL_ADC_Start_DMA
 .text.HAL_ADC_IRQHandler
                0x0800ab8c      0x474 ./Drivers/STM32H7xx_HAL_Driver/Src/stm32h7xx_hal_adc.o
                0x0800ab8c                HAL_ADC_IRQHandler
 .text.HAL_ADC_LevelOutOfWindowCallback
                0x0800b000       0x14 ./Drivers/STM32H7xx_HAL_Driver/Src/stm32h7xx_hal_adc.o
                0x0800b000                HAL_ADC_LevelOutOfWindowCallback
 .text.HAL_ADC_ErrorCallback
                0x0800b014       0x14 ./Drivers/STM32H7xx_HAL_Driver/Src/stm32h7xx_hal_adc.o
                0x0800b014                HAL_ADC_ErrorCallback
 .text.HAL_ADC_ConfigChannel
                0x0800b028      0x9a8 ./Drivers/STM32H7xx_HAL_Driver/Src/stm32h7xx_hal_adc.o
                0x0800b028                HAL_ADC_ConfigChannel
 .text.ADC_Enable
                0x0800b9d0      0x114 ./Drivers/STM32H7xx_HAL_Driver/Src/stm32h7xx_hal_adc.o
                0x0800b9d0                ADC_Enable
 .text.ADC_Disable
                0x0800bae4       0xbe ./Drivers/STM32H7xx_HAL_Driver/Src/stm32h7xx_hal_adc.o
                0x0800bae4                ADC_Disable
 .text.ADC_DMAConvCplt
                0x0800bba2       0xd8 ./Drivers/STM32H7xx_HAL_Driver/Src/stm32h7xx_hal_adc.o
                0x0800bba2                ADC_DMAConvCplt
 .text.ADC_DMAHalfConvCplt
                0x0800bc7a       0x1c ./Drivers/STM32H7xx_HAL_Driver/Src/stm32h7xx_hal_adc.o
                0x0800bc7a                ADC_DMAHalfConvCplt
 .text.ADC_DMAError
                0x0800bc96       0x34 ./Drivers/STM32H7xx_HAL_Driver/Src/stm32h7xx_hal_adc.o
                0x0800bc96                ADC_DMAError
 *fill*         0x0800bcca        0x2 
 .text.ADC_ConfigureBoostMode
                0x0800bccc      0x1dc ./Drivers/STM32H7xx_HAL_Driver/Src/stm32h7xx_hal_adc.o
                0x0800bccc                ADC_ConfigureBoostMode
 .text.LL_ADC_IsEnabled
                0x0800bea8       0x26 ./Drivers/STM32H7xx_HAL_Driver/Src/stm32h7xx_hal_adc_ex.o
 *fill*         0x0800bece        0x2 
 .text.LL_ADC_StartCalibration
                0x0800bed0       0x3c ./Drivers/STM32H7xx_HAL_Driver/Src/stm32h7xx_hal_adc_ex.o
 .text.LL_ADC_IsCalibrationOnGoing
                0x0800bf0c       0x28 ./Drivers/STM32H7xx_HAL_Driver/Src/stm32h7xx_hal_adc_ex.o
 .text.LL_ADC_REG_IsConversionOngoing
                0x0800bf34       0x26 ./Drivers/STM32H7xx_HAL_Driver/Src/stm32h7xx_hal_adc_ex.o
 *fill*         0x0800bf5a        0x2 
 .text.HAL_ADCEx_Calibration_Start
                0x0800bf5c       0xc8 ./Drivers/STM32H7xx_HAL_Driver/Src/stm32h7xx_hal_adc_ex.o
                0x0800bf5c                HAL_ADCEx_Calibration_Start
 .text.HAL_ADCEx_InjectedConvCpltCallback
                0x0800c024       0x14 ./Drivers/STM32H7xx_HAL_Driver/Src/stm32h7xx_hal_adc_ex.o
                0x0800c024                HAL_ADCEx_InjectedConvCpltCallback
 .text.HAL_ADCEx_InjectedQueueOverflowCallback
                0x0800c038       0x14 ./Drivers/STM32H7xx_HAL_Driver/Src/stm32h7xx_hal_adc_ex.o
                0x0800c038                HAL_ADCEx_InjectedQueueOverflowCallback
 .text.HAL_ADCEx_LevelOutOfWindow2Callback
                0x0800c04c       0x14 ./Drivers/STM32H7xx_HAL_Driver/Src/stm32h7xx_hal_adc_ex.o
                0x0800c04c                HAL_ADCEx_LevelOutOfWindow2Callback
 .text.HAL_ADCEx_LevelOutOfWindow3Callback
                0x0800c060       0x14 ./Drivers/STM32H7xx_HAL_Driver/Src/stm32h7xx_hal_adc_ex.o
                0x0800c060                HAL_ADCEx_LevelOutOfWindow3Callback
 .text.HAL_ADCEx_EndOfSamplingCallback
                0x0800c074       0x14 ./Drivers/STM32H7xx_HAL_Driver/Src/stm32h7xx_hal_adc_ex.o
                0x0800c074                HAL_ADCEx_EndOfSamplingCallback
 .text.HAL_ADCEx_MultiModeConfigChannel
                0x0800c088      0x1c4 ./Drivers/STM32H7xx_HAL_Driver/Src/stm32h7xx_hal_adc_ex.o
                0x0800c088                HAL_ADCEx_MultiModeConfigChannel
 .text.__NVIC_SetPriorityGrouping
                0x0800c24c       0x48 ./Drivers/STM32H7xx_HAL_Driver/Src/stm32h7xx_hal_cortex.o
 .text.__NVIC_GetPriorityGrouping
                0x0800c294       0x1c ./Drivers/STM32H7xx_HAL_Driver/Src/stm32h7xx_hal_cortex.o
 .text.__NVIC_EnableIRQ
                0x0800c2b0       0x3c ./Drivers/STM32H7xx_HAL_Driver/Src/stm32h7xx_hal_cortex.o
 .text.__NVIC_SetPriority
                0x0800c2ec       0x54 ./Drivers/STM32H7xx_HAL_Driver/Src/stm32h7xx_hal_cortex.o
 .text.NVIC_EncodePriority
                0x0800c340       0x66 ./Drivers/STM32H7xx_HAL_Driver/Src/stm32h7xx_hal_cortex.o
 *fill*         0x0800c3a6        0x2 
 .text.SysTick_Config
                0x0800c3a8       0x44 ./Drivers/STM32H7xx_HAL_Driver/Src/stm32h7xx_hal_cortex.o
 .text.HAL_NVIC_SetPriorityGrouping
                0x0800c3ec       0x16 ./Drivers/STM32H7xx_HAL_Driver/Src/stm32h7xx_hal_cortex.o
                0x0800c3ec                HAL_NVIC_SetPriorityGrouping
 .text.HAL_NVIC_SetPriority
                0x0800c402       0x34 ./Drivers/STM32H7xx_HAL_Driver/Src/stm32h7xx_hal_cortex.o
                0x0800c402                HAL_NVIC_SetPriority
 .text.HAL_NVIC_EnableIRQ
                0x0800c436       0x1c ./Drivers/STM32H7xx_HAL_Driver/Src/stm32h7xx_hal_cortex.o
                0x0800c436                HAL_NVIC_EnableIRQ
 .text.HAL_SYSTICK_Config
                0x0800c452       0x18 ./Drivers/STM32H7xx_HAL_Driver/Src/stm32h7xx_hal_cortex.o
                0x0800c452                HAL_SYSTICK_Config
 *fill*         0x0800c46a        0x2 
 .text.HAL_DMA_Init
                0x0800c46c      0x6b0 ./Drivers/STM32H7xx_HAL_Driver/Src/stm32h7xx_hal_dma.o
                0x0800c46c                HAL_DMA_Init
 .text.HAL_DMA_Start_IT
                0x0800cb1c      0x4d4 ./Drivers/STM32H7xx_HAL_Driver/Src/stm32h7xx_hal_dma.o
                0x0800cb1c                HAL_DMA_Start_IT
 .text.HAL_DMA_Abort
                0x0800cff0      0x63c ./Drivers/STM32H7xx_HAL_Driver/Src/stm32h7xx_hal_dma.o
                0x0800cff0                HAL_DMA_Abort
 .text.HAL_DMA_Abort_IT
                0x0800d62c      0x48c ./Drivers/STM32H7xx_HAL_Driver/Src/stm32h7xx_hal_dma.o
                0x0800d62c                HAL_DMA_Abort_IT
 .text.HAL_DMA_IRQHandler
                0x0800dab8      0xe54 ./Drivers/STM32H7xx_HAL_Driver/Src/stm32h7xx_hal_dma.o
                0x0800dab8                HAL_DMA_IRQHandler
 .text.DMA_SetConfig
                0x0800e90c      0x358 ./Drivers/STM32H7xx_HAL_Driver/Src/stm32h7xx_hal_dma.o
 .text.DMA_CalcBaseAndBitshift
                0x0800ec64      0x164 ./Drivers/STM32H7xx_HAL_Driver/Src/stm32h7xx_hal_dma.o
 .text.DMA_CheckFifoParam
                0x0800edc8       0xf8 ./Drivers/STM32H7xx_HAL_Driver/Src/stm32h7xx_hal_dma.o
 .text.DMA_CalcDMAMUXChannelBaseAndMask
                0x0800eec0      0x134 ./Drivers/STM32H7xx_HAL_Driver/Src/stm32h7xx_hal_dma.o
 .text.DMA_CalcDMAMUXRequestGenBaseAndMask
                0x0800eff4       0xe8 ./Drivers/STM32H7xx_HAL_Driver/Src/stm32h7xx_hal_dma.o
 .text.HAL_FDCAN_Init
                0x0800f0dc      0x3bc ./Drivers/STM32H7xx_HAL_Driver/Src/stm32h7xx_hal_fdcan.o
                0x0800f0dc                HAL_FDCAN_Init
 .text.HAL_FDCAN_ConfigFilter
                0x0800f498       0xec ./Drivers/STM32H7xx_HAL_Driver/Src/stm32h7xx_hal_fdcan.o
                0x0800f498                HAL_FDCAN_ConfigFilter
 .text.HAL_FDCAN_ConfigGlobalFilter
                0x0800f584       0x5a ./Drivers/STM32H7xx_HAL_Driver/Src/stm32h7xx_hal_fdcan.o
                0x0800f584                HAL_FDCAN_ConfigGlobalFilter
 .text.HAL_FDCAN_Start
                0x0800f5de       0x56 ./Drivers/STM32H7xx_HAL_Driver/Src/stm32h7xx_hal_fdcan.o
                0x0800f5de                HAL_FDCAN_Start
 .text.HAL_FDCAN_AddMessageToTxFifoQ
                0x0800f634       0xb6 ./Drivers/STM32H7xx_HAL_Driver/Src/stm32h7xx_hal_fdcan.o
                0x0800f634                HAL_FDCAN_AddMessageToTxFifoQ
 *fill*         0x0800f6ea        0x2 
 .text.HAL_FDCAN_GetRxMessage
                0x0800f6ec      0x2d8 ./Drivers/STM32H7xx_HAL_Driver/Src/stm32h7xx_hal_fdcan.o
                0x0800f6ec                HAL_FDCAN_GetRxMessage
 .text.HAL_FDCAN_ActivateNotification
                0x0800f9c4       0xf4 ./Drivers/STM32H7xx_HAL_Driver/Src/stm32h7xx_hal_fdcan.o
                0x0800f9c4                HAL_FDCAN_ActivateNotification
 .text.HAL_FDCAN_IRQHandler
                0x0800fab8      0x498 ./Drivers/STM32H7xx_HAL_Driver/Src/stm32h7xx_hal_fdcan.o
                0x0800fab8                HAL_FDCAN_IRQHandler
 .text.HAL_FDCAN_ClockCalibrationCallback
                0x0800ff50       0x16 ./Drivers/STM32H7xx_HAL_Driver/Src/stm32h7xx_hal_fdcan.o
                0x0800ff50                HAL_FDCAN_ClockCalibrationCallback
 .text.HAL_FDCAN_TxEventFifoCallback
                0x0800ff66       0x16 ./Drivers/STM32H7xx_HAL_Driver/Src/stm32h7xx_hal_fdcan.o
                0x0800ff66                HAL_FDCAN_TxEventFifoCallback
 .text.HAL_FDCAN_RxFifo1Callback
                0x0800ff7c       0x16 ./Drivers/STM32H7xx_HAL_Driver/Src/stm32h7xx_hal_fdcan.o
                0x0800ff7c                HAL_FDCAN_RxFifo1Callback
 .text.HAL_FDCAN_TxFifoEmptyCallback
                0x0800ff92       0x14 ./Drivers/STM32H7xx_HAL_Driver/Src/stm32h7xx_hal_fdcan.o
                0x0800ff92                HAL_FDCAN_TxFifoEmptyCallback
 .text.HAL_FDCAN_TxBufferCompleteCallback
                0x0800ffa6       0x16 ./Drivers/STM32H7xx_HAL_Driver/Src/stm32h7xx_hal_fdcan.o
                0x0800ffa6                HAL_FDCAN_TxBufferCompleteCallback
 .text.HAL_FDCAN_TxBufferAbortCallback
                0x0800ffbc       0x16 ./Drivers/STM32H7xx_HAL_Driver/Src/stm32h7xx_hal_fdcan.o
                0x0800ffbc                HAL_FDCAN_TxBufferAbortCallback
 .text.HAL_FDCAN_RxBufferNewMessageCallback
                0x0800ffd2       0x14 ./Drivers/STM32H7xx_HAL_Driver/Src/stm32h7xx_hal_fdcan.o
                0x0800ffd2                HAL_FDCAN_RxBufferNewMessageCallback
 .text.HAL_FDCAN_TimestampWraparoundCallback
                0x0800ffe6       0x14 ./Drivers/STM32H7xx_HAL_Driver/Src/stm32h7xx_hal_fdcan.o
                0x0800ffe6                HAL_FDCAN_TimestampWraparoundCallback
 .text.HAL_FDCAN_TimeoutOccurredCallback
                0x0800fffa       0x14 ./Drivers/STM32H7xx_HAL_Driver/Src/stm32h7xx_hal_fdcan.o
                0x0800fffa                HAL_FDCAN_TimeoutOccurredCallback
 .text.HAL_FDCAN_HighPriorityMessageCallback
                0x0801000e       0x14 ./Drivers/STM32H7xx_HAL_Driver/Src/stm32h7xx_hal_fdcan.o
                0x0801000e                HAL_FDCAN_HighPriorityMessageCallback
 .text.HAL_FDCAN_ErrorCallback
                0x08010022       0x14 ./Drivers/STM32H7xx_HAL_Driver/Src/stm32h7xx_hal_fdcan.o
                0x08010022                HAL_FDCAN_ErrorCallback
 .text.HAL_FDCAN_ErrorStatusCallback
                0x08010036       0x16 ./Drivers/STM32H7xx_HAL_Driver/Src/stm32h7xx_hal_fdcan.o
                0x08010036                HAL_FDCAN_ErrorStatusCallback
 .text.HAL_FDCAN_TT_ScheduleSyncCallback
                0x0801004c       0x16 ./Drivers/STM32H7xx_HAL_Driver/Src/stm32h7xx_hal_fdcan.o
                0x0801004c                HAL_FDCAN_TT_ScheduleSyncCallback
 .text.HAL_FDCAN_TT_TimeMarkCallback
                0x08010062       0x16 ./Drivers/STM32H7xx_HAL_Driver/Src/stm32h7xx_hal_fdcan.o
                0x08010062                HAL_FDCAN_TT_TimeMarkCallback
 .text.HAL_FDCAN_TT_StopWatchCallback
                0x08010078       0x18 ./Drivers/STM32H7xx_HAL_Driver/Src/stm32h7xx_hal_fdcan.o
                0x08010078                HAL_FDCAN_TT_StopWatchCallback
 .text.HAL_FDCAN_TT_GlobalTimeCallback
                0x08010090       0x16 ./Drivers/STM32H7xx_HAL_Driver/Src/stm32h7xx_hal_fdcan.o
                0x08010090                HAL_FDCAN_TT_GlobalTimeCallback
 *fill*         0x080100a6        0x2 
 .text.FDCAN_CalcultateRamBlockAddresses
                0x080100a8      0x30c ./Drivers/STM32H7xx_HAL_Driver/Src/stm32h7xx_hal_fdcan.o
 .text.FDCAN_CopyMessageToRAM
                0x080103b4       0xfc ./Drivers/STM32H7xx_HAL_Driver/Src/stm32h7xx_hal_fdcan.o
 .text.HAL_FLASH_Unlock
                0x080104b0       0x44 ./Drivers/STM32H7xx_HAL_Driver/Src/stm32h7xx_hal_flash.o
                0x080104b0                HAL_FLASH_Unlock
 .text.HAL_FLASH_Lock
                0x080104f4       0x30 ./Drivers/STM32H7xx_HAL_Driver/Src/stm32h7xx_hal_flash.o
                0x080104f4                HAL_FLASH_Lock
 .text.HAL_FLASH_OB_Unlock
                0x08010524       0x44 ./Drivers/STM32H7xx_HAL_Driver/Src/stm32h7xx_hal_flash.o
                0x08010524                HAL_FLASH_OB_Unlock
 .text.HAL_FLASH_OB_Lock
                0x08010568       0x30 ./Drivers/STM32H7xx_HAL_Driver/Src/stm32h7xx_hal_flash.o
                0x08010568                HAL_FLASH_OB_Lock
 .text.HAL_FLASH_OB_Launch
                0x08010598       0x4c ./Drivers/STM32H7xx_HAL_Driver/Src/stm32h7xx_hal_flash.o
                0x08010598                HAL_FLASH_OB_Launch
 .text.FLASH_WaitForLastOperation
                0x080105e4       0xac ./Drivers/STM32H7xx_HAL_Driver/Src/stm32h7xx_hal_flash.o
                0x080105e4                FLASH_WaitForLastOperation
 .text.FLASH_OB_WaitForLastOperation
                0x08010690       0x78 ./Drivers/STM32H7xx_HAL_Driver/Src/stm32h7xx_hal_flash.o
                0x08010690                FLASH_OB_WaitForLastOperation
 .text.FLASH_CRC_WaitForLastOperation
                0x08010708       0x94 ./Drivers/STM32H7xx_HAL_Driver/Src/stm32h7xx_hal_flash.o
                0x08010708                FLASH_CRC_WaitForLastOperation
 .text.HAL_FLASHEx_OBProgram
                0x0801079c      0x160 ./Drivers/STM32H7xx_HAL_Driver/Src/stm32h7xx_hal_flash_ex.o
                0x0801079c                HAL_FLASHEx_OBProgram
 .text.HAL_FLASHEx_OBGetConfig
                0x080108fc       0xda ./Drivers/STM32H7xx_HAL_Driver/Src/stm32h7xx_hal_flash_ex.o
                0x080108fc                HAL_FLASHEx_OBGetConfig
 *fill*         0x080109d6        0x2 
 .text.FLASH_OB_EnableWRP
                0x080109d8       0x34 ./Drivers/STM32H7xx_HAL_Driver/Src/stm32h7xx_hal_flash_ex.o
 .text.FLASH_OB_DisableWRP
                0x08010a0c       0x34 ./Drivers/STM32H7xx_HAL_Driver/Src/stm32h7xx_hal_flash_ex.o
 .text.FLASH_OB_GetWRP
                0x08010a40       0x4c ./Drivers/STM32H7xx_HAL_Driver/Src/stm32h7xx_hal_flash_ex.o
 .text.FLASH_OB_RDPConfig
                0x08010a8c       0x28 ./Drivers/STM32H7xx_HAL_Driver/Src/stm32h7xx_hal_flash_ex.o
 .text.FLASH_OB_GetRDP
                0x08010ab4       0x38 ./Drivers/STM32H7xx_HAL_Driver/Src/stm32h7xx_hal_flash_ex.o
 .text.FLASH_OB_UserConfig
                0x08010aec      0x160 ./Drivers/STM32H7xx_HAL_Driver/Src/stm32h7xx_hal_flash_ex.o
 .text.FLASH_OB_GetUser
                0x08010c4c       0x2c ./Drivers/STM32H7xx_HAL_Driver/Src/stm32h7xx_hal_flash_ex.o
 .text.FLASH_OB_PCROPConfig
                0x08010c78       0x44 ./Drivers/STM32H7xx_HAL_Driver/Src/stm32h7xx_hal_flash_ex.o
 .text.FLASH_OB_GetPCROP
                0x08010cbc       0x70 ./Drivers/STM32H7xx_HAL_Driver/Src/stm32h7xx_hal_flash_ex.o
 .text.FLASH_OB_BOR_LevelConfig
                0x08010d2c       0x28 ./Drivers/STM32H7xx_HAL_Driver/Src/stm32h7xx_hal_flash_ex.o
 .text.FLASH_OB_GetBOR
                0x08010d54       0x1c ./Drivers/STM32H7xx_HAL_Driver/Src/stm32h7xx_hal_flash_ex.o
 .text.FLASH_OB_BootAddConfig
                0x08010d70       0x54 ./Drivers/STM32H7xx_HAL_Driver/Src/stm32h7xx_hal_flash_ex.o
 .text.FLASH_OB_GetBootAdd
                0x08010dc4       0x38 ./Drivers/STM32H7xx_HAL_Driver/Src/stm32h7xx_hal_flash_ex.o
 .text.FLASH_OB_SecureAreaConfig
                0x08010dfc       0x48 ./Drivers/STM32H7xx_HAL_Driver/Src/stm32h7xx_hal_flash_ex.o
 .text.FLASH_OB_GetSecureArea
                0x08010e44       0x70 ./Drivers/STM32H7xx_HAL_Driver/Src/stm32h7xx_hal_flash_ex.o
 .text.FLASH_OB_SharedRAM_Config
                0x08010eb4       0x28 ./Drivers/STM32H7xx_HAL_Driver/Src/stm32h7xx_hal_flash_ex.o
 .text.FLASH_OB_SharedRAM_GetConfig
                0x08010edc       0x1c ./Drivers/STM32H7xx_HAL_Driver/Src/stm32h7xx_hal_flash_ex.o
 .text.FLASH_OB_CPUFreq_BoostConfig
                0x08010ef8       0x28 ./Drivers/STM32H7xx_HAL_Driver/Src/stm32h7xx_hal_flash_ex.o
 .text.FLASH_OB_CPUFreq_GetBoost
                0x08010f20       0x1c ./Drivers/STM32H7xx_HAL_Driver/Src/stm32h7xx_hal_flash_ex.o
 .text.HAL_GPIO_Init
                0x08010f3c      0x350 ./Drivers/STM32H7xx_HAL_Driver/Src/stm32h7xx_hal_gpio.o
                0x08010f3c                HAL_GPIO_Init
 .text.HAL_GPIO_DeInit
                0x0801128c      0x204 ./Drivers/STM32H7xx_HAL_Driver/Src/stm32h7xx_hal_gpio.o
                0x0801128c                HAL_GPIO_DeInit
 .text.HAL_GPIO_ReadPin
                0x08011490       0x30 ./Drivers/STM32H7xx_HAL_Driver/Src/stm32h7xx_hal_gpio.o
                0x08011490                HAL_GPIO_ReadPin
 .text.HAL_GPIO_WritePin
                0x080114c0       0x32 ./Drivers/STM32H7xx_HAL_Driver/Src/stm32h7xx_hal_gpio.o
                0x080114c0                HAL_GPIO_WritePin
 .text.HAL_GPIO_TogglePin
                0x080114f2       0x34 ./Drivers/STM32H7xx_HAL_Driver/Src/stm32h7xx_hal_gpio.o
                0x080114f2                HAL_GPIO_TogglePin
 .text.HAL_GPIO_EXTI_IRQHandler
                0x08011526       0x34 ./Drivers/STM32H7xx_HAL_Driver/Src/stm32h7xx_hal_gpio.o
                0x08011526                HAL_GPIO_EXTI_IRQHandler
 *fill*         0x0801155a        0x2 
 .text.HAL_I2C_Init
                0x0801155c      0x138 ./Drivers/STM32H7xx_HAL_Driver/Src/stm32h7xx_hal_i2c.o
                0x0801155c                HAL_I2C_Init
 .text.HAL_I2C_DeInit
                0x08011694       0x5e ./Drivers/STM32H7xx_HAL_Driver/Src/stm32h7xx_hal_i2c.o
                0x08011694                HAL_I2C_DeInit
 .text.HAL_I2C_MspInit
                0x080116f2       0x14 ./Drivers/STM32H7xx_HAL_Driver/Src/stm32h7xx_hal_i2c.o
                0x080116f2                HAL_I2C_MspInit
 .text.HAL_I2C_MspDeInit
                0x08011706       0x14 ./Drivers/STM32H7xx_HAL_Driver/Src/stm32h7xx_hal_i2c.o
                0x08011706                HAL_I2C_MspDeInit
 *fill*         0x0801171a        0x2 
 .text.HAL_I2C_Mem_Write
                0x0801171c      0x228 ./Drivers/STM32H7xx_HAL_Driver/Src/stm32h7xx_hal_i2c.o
                0x0801171c                HAL_I2C_Mem_Write
 .text.HAL_I2C_Mem_Read
                0x08011944      0x234 ./Drivers/STM32H7xx_HAL_Driver/Src/stm32h7xx_hal_i2c.o
                0x08011944                HAL_I2C_Mem_Read
 .text.HAL_I2C_GetState
                0x08011b78       0x1c ./Drivers/STM32H7xx_HAL_Driver/Src/stm32h7xx_hal_i2c.o
                0x08011b78                HAL_I2C_GetState
 .text.HAL_I2C_GetError
                0x08011b94       0x18 ./Drivers/STM32H7xx_HAL_Driver/Src/stm32h7xx_hal_i2c.o
                0x08011b94                HAL_I2C_GetError
 .text.I2C_RequestMemoryWrite
                0x08011bac       0xa8 ./Drivers/STM32H7xx_HAL_Driver/Src/stm32h7xx_hal_i2c.o
 .text.I2C_RequestMemoryRead
                0x08011c54       0xa8 ./Drivers/STM32H7xx_HAL_Driver/Src/stm32h7xx_hal_i2c.o
 .text.I2C_Flush_TXDR
                0x08011cfc       0x48 ./Drivers/STM32H7xx_HAL_Driver/Src/stm32h7xx_hal_i2c.o
 .text.I2C_WaitOnFlagUntilTimeout
                0x08011d44       0xb2 ./Drivers/STM32H7xx_HAL_Driver/Src/stm32h7xx_hal_i2c.o
 .text.I2C_WaitOnTXISFlagUntilTimeout
                0x08011df6       0x8e ./Drivers/STM32H7xx_HAL_Driver/Src/stm32h7xx_hal_i2c.o
 .text.I2C_WaitOnSTOPFlagUntilTimeout
                0x08011e84       0x86 ./Drivers/STM32H7xx_HAL_Driver/Src/stm32h7xx_hal_i2c.o
 *fill*         0x08011f0a        0x2 
 .text.I2C_IsErrorOccurred
                0x08011f0c      0x1c0 ./Drivers/STM32H7xx_HAL_Driver/Src/stm32h7xx_hal_i2c.o
 .text.I2C_TransferConfig
                0x080120cc       0x64 ./Drivers/STM32H7xx_HAL_Driver/Src/stm32h7xx_hal_i2c.o
 .text.HAL_I2CEx_ConfigAnalogFilter
                0x08012130       0x96 ./Drivers/STM32H7xx_HAL_Driver/Src/stm32h7xx_hal_i2c_ex.o
                0x08012130                HAL_I2CEx_ConfigAnalogFilter
 .text.HAL_I2CEx_ConfigDigitalFilter
                0x080121c6       0x98 ./Drivers/STM32H7xx_HAL_Driver/Src/stm32h7xx_hal_i2c_ex.o
                0x080121c6                HAL_I2CEx_ConfigDigitalFilter
 .text.HAL_IWDG_Init
                0x0801225e       0xa2 ./Drivers/STM32H7xx_HAL_Driver/Src/stm32h7xx_hal_iwdg.o
                0x0801225e                HAL_IWDG_Init
 .text.HAL_IWDG_Refresh
                0x08012300       0x20 ./Drivers/STM32H7xx_HAL_Driver/Src/stm32h7xx_hal_iwdg.o
                0x08012300                HAL_IWDG_Refresh
 .text.HAL_PWR_DisableWakeUpPin
                0x08012320       0x2c ./Drivers/STM32H7xx_HAL_Driver/Src/stm32h7xx_hal_pwr.o
                0x08012320                HAL_PWR_DisableWakeUpPin
 .text.HAL_PWREx_ConfigSupply
                0x0801234c       0x74 ./Drivers/STM32H7xx_HAL_Driver/Src/stm32h7xx_hal_pwr_ex.o
                0x0801234c                HAL_PWREx_ConfigSupply
 .text.HAL_RCC_DeInit
                0x080123c0      0x254 ./Drivers/STM32H7xx_HAL_Driver/Src/stm32h7xx_hal_rcc.o
                0x080123c0                HAL_RCC_DeInit
 .text.HAL_RCC_OscConfig
                0x08012614      0x7b4 ./Drivers/STM32H7xx_HAL_Driver/Src/stm32h7xx_hal_rcc.o
                0x08012614                HAL_RCC_OscConfig
 .text.HAL_RCC_ClockConfig
                0x08012dc8      0x36c ./Drivers/STM32H7xx_HAL_Driver/Src/stm32h7xx_hal_rcc.o
                0x08012dc8                HAL_RCC_ClockConfig
 .text.HAL_RCC_GetSysClockFreq
                0x08013134      0x2f4 ./Drivers/STM32H7xx_HAL_Driver/Src/stm32h7xx_hal_rcc.o
                0x08013134                HAL_RCC_GetSysClockFreq
 .text.HAL_RCC_GetHCLKFreq
                0x08013428       0x60 ./Drivers/STM32H7xx_HAL_Driver/Src/stm32h7xx_hal_rcc.o
                0x08013428                HAL_RCC_GetHCLKFreq
 .text.HAL_RCC_GetPCLK1Freq
                0x08013488       0x2c ./Drivers/STM32H7xx_HAL_Driver/Src/stm32h7xx_hal_rcc.o
                0x08013488                HAL_RCC_GetPCLK1Freq
 .text.HAL_RCC_GetPCLK2Freq
                0x080134b4       0x2c ./Drivers/STM32H7xx_HAL_Driver/Src/stm32h7xx_hal_rcc.o
                0x080134b4                HAL_RCC_GetPCLK2Freq
 .text.HAL_RCCEx_PeriphCLKConfig
                0x080134e0     0x1340 ./Drivers/STM32H7xx_HAL_Driver/Src/stm32h7xx_hal_rcc_ex.o
                0x080134e0                HAL_RCCEx_PeriphCLKConfig
 .text.HAL_RCCEx_GetPeriphCLKFreq
                0x08014820      0x9a4 ./Drivers/STM32H7xx_HAL_Driver/Src/stm32h7xx_hal_rcc_ex.o
                0x08014820                HAL_RCCEx_GetPeriphCLKFreq
 .text.HAL_RCCEx_GetD3PCLK1Freq
                0x080151c4       0x2c ./Drivers/STM32H7xx_HAL_Driver/Src/stm32h7xx_hal_rcc_ex.o
                0x080151c4                HAL_RCCEx_GetD3PCLK1Freq
 .text.HAL_RCCEx_GetPLL2ClockFreq
                0x080151f0      0x2a8 ./Drivers/STM32H7xx_HAL_Driver/Src/stm32h7xx_hal_rcc_ex.o
                0x080151f0                HAL_RCCEx_GetPLL2ClockFreq
 .text.HAL_RCCEx_GetPLL3ClockFreq
                0x08015498      0x2a8 ./Drivers/STM32H7xx_HAL_Driver/Src/stm32h7xx_hal_rcc_ex.o
                0x08015498                HAL_RCCEx_GetPLL3ClockFreq
 .text.HAL_RCCEx_GetPLL1ClockFreq
                0x08015740      0x2a4 ./Drivers/STM32H7xx_HAL_Driver/Src/stm32h7xx_hal_rcc_ex.o
                0x08015740                HAL_RCCEx_GetPLL1ClockFreq
 .text.RCCEx_PLL2_Config
                0x080159e4      0x164 ./Drivers/STM32H7xx_HAL_Driver/Src/stm32h7xx_hal_rcc_ex.o
 .text.RCCEx_PLL3_Config
                0x08015b48      0x164 ./Drivers/STM32H7xx_HAL_Driver/Src/stm32h7xx_hal_rcc_ex.o
 .text.HAL_TIM_Base_Init
                0x08015cac       0xae ./Drivers/STM32H7xx_HAL_Driver/Src/stm32h7xx_hal_tim.o
                0x08015cac                HAL_TIM_Base_Init
 *fill*         0x08015d5a        0x2 
 .text.HAL_TIM_Base_Start
                0x08015d5c       0xfc ./Drivers/STM32H7xx_HAL_Driver/Src/stm32h7xx_hal_tim.o
                0x08015d5c                HAL_TIM_Base_Start
 .text.HAL_TIM_Base_Start_IT
                0x08015e58      0x10c ./Drivers/STM32H7xx_HAL_Driver/Src/stm32h7xx_hal_tim.o
                0x08015e58                HAL_TIM_Base_Start_IT
 .text.HAL_TIM_PWM_Init
                0x08015f64       0xae ./Drivers/STM32H7xx_HAL_Driver/Src/stm32h7xx_hal_tim.o
                0x08015f64                HAL_TIM_PWM_Init
 .text.HAL_TIM_PWM_MspInit
                0x08016012       0x14 ./Drivers/STM32H7xx_HAL_Driver/Src/stm32h7xx_hal_tim.o
                0x08016012                HAL_TIM_PWM_MspInit
 *fill*         0x08016026        0x2 
 .text.HAL_TIM_PWM_Stop
                0x08016028      0x12c ./Drivers/STM32H7xx_HAL_Driver/Src/stm32h7xx_hal_tim.o
                0x08016028                HAL_TIM_PWM_Stop
 .text.HAL_TIM_IRQHandler
                0x08016154      0x20e ./Drivers/STM32H7xx_HAL_Driver/Src/stm32h7xx_hal_tim.o
                0x08016154                HAL_TIM_IRQHandler
 *fill*         0x08016362        0x2 
 .text.HAL_TIM_PWM_ConfigChannel
                0x08016364      0x228 ./Drivers/STM32H7xx_HAL_Driver/Src/stm32h7xx_hal_tim.o
                0x08016364                HAL_TIM_PWM_ConfigChannel
 .text.HAL_TIM_ConfigClockSource
                0x0801658c      0x1f0 ./Drivers/STM32H7xx_HAL_Driver/Src/stm32h7xx_hal_tim.o
                0x0801658c                HAL_TIM_ConfigClockSource
 .text.HAL_TIM_OC_DelayElapsedCallback
                0x0801677c       0x14 ./Drivers/STM32H7xx_HAL_Driver/Src/stm32h7xx_hal_tim.o
                0x0801677c                HAL_TIM_OC_DelayElapsedCallback
 .text.HAL_TIM_IC_CaptureCallback
                0x08016790       0x14 ./Drivers/STM32H7xx_HAL_Driver/Src/stm32h7xx_hal_tim.o
                0x08016790                HAL_TIM_IC_CaptureCallback
 .text.HAL_TIM_PWM_PulseFinishedCallback
                0x080167a4       0x14 ./Drivers/STM32H7xx_HAL_Driver/Src/stm32h7xx_hal_tim.o
                0x080167a4                HAL_TIM_PWM_PulseFinishedCallback
 .text.HAL_TIM_TriggerCallback
                0x080167b8       0x14 ./Drivers/STM32H7xx_HAL_Driver/Src/stm32h7xx_hal_tim.o
                0x080167b8                HAL_TIM_TriggerCallback
 .text.TIM_Base_SetConfig
                0x080167cc      0x158 ./Drivers/STM32H7xx_HAL_Driver/Src/stm32h7xx_hal_tim.o
                0x080167cc                TIM_Base_SetConfig
 .text.TIM_OC1_SetConfig
                0x08016924      0x120 ./Drivers/STM32H7xx_HAL_Driver/Src/stm32h7xx_hal_tim.o
 .text.TIM_OC2_SetConfig
                0x08016a44      0x114 ./Drivers/STM32H7xx_HAL_Driver/Src/stm32h7xx_hal_tim.o
                0x08016a44                TIM_OC2_SetConfig
 .text.TIM_OC3_SetConfig
                0x08016b58      0x110 ./Drivers/STM32H7xx_HAL_Driver/Src/stm32h7xx_hal_tim.o
 .text.TIM_OC4_SetConfig
                0x08016c68       0xd4 ./Drivers/STM32H7xx_HAL_Driver/Src/stm32h7xx_hal_tim.o
 .text.TIM_OC5_SetConfig
                0x08016d3c       0xc8 ./Drivers/STM32H7xx_HAL_Driver/Src/stm32h7xx_hal_tim.o
 .text.TIM_OC6_SetConfig
                0x08016e04       0xcc ./Drivers/STM32H7xx_HAL_Driver/Src/stm32h7xx_hal_tim.o
 .text.TIM_TI1_ConfigInputStage
                0x08016ed0       0x5e ./Drivers/STM32H7xx_HAL_Driver/Src/stm32h7xx_hal_tim.o
 .text.TIM_TI2_ConfigInputStage
                0x08016f2e       0x60 ./Drivers/STM32H7xx_HAL_Driver/Src/stm32h7xx_hal_tim.o
 *fill*         0x08016f8e        0x2 
 .text.TIM_ITRx_SetConfig
                0x08016f90       0x3c ./Drivers/STM32H7xx_HAL_Driver/Src/stm32h7xx_hal_tim.o
 .text.TIM_ETR_SetConfig
                0x08016fcc       0x40 ./Drivers/STM32H7xx_HAL_Driver/Src/stm32h7xx_hal_tim.o
                0x08016fcc                TIM_ETR_SetConfig
 .text.TIM_CCxChannelCmd
                0x0801700c       0x4a ./Drivers/STM32H7xx_HAL_Driver/Src/stm32h7xx_hal_tim.o
                0x0801700c                TIM_CCxChannelCmd
 *fill*         0x08017056        0x2 
 .text.HAL_TIMEx_MasterConfigSynchronization
                0x08017058      0x138 ./Drivers/STM32H7xx_HAL_Driver/Src/stm32h7xx_hal_tim_ex.o
                0x08017058                HAL_TIMEx_MasterConfigSynchronization
 .text.HAL_TIMEx_CommutCallback
                0x08017190       0x14 ./Drivers/STM32H7xx_HAL_Driver/Src/stm32h7xx_hal_tim_ex.o
                0x08017190                HAL_TIMEx_CommutCallback
 .text.HAL_TIMEx_BreakCallback
                0x080171a4       0x14 ./Drivers/STM32H7xx_HAL_Driver/Src/stm32h7xx_hal_tim_ex.o
                0x080171a4                HAL_TIMEx_BreakCallback
 .text.HAL_TIMEx_Break2Callback
                0x080171b8       0x14 ./Drivers/STM32H7xx_HAL_Driver/Src/stm32h7xx_hal_tim_ex.o
                0x080171b8                HAL_TIMEx_Break2Callback
 .text.HAL_UART_Init
                0x080171cc       0xa0 ./Drivers/STM32H7xx_HAL_Driver/Src/stm32h7xx_hal_uart.o
                0x080171cc                HAL_UART_Init
 .text.HAL_UART_Transmit
                0x0801726c      0x11c ./Drivers/STM32H7xx_HAL_Driver/Src/stm32h7xx_hal_uart.o
                0x0801726c                HAL_UART_Transmit
 .text.HAL_UART_Receive_IT
                0x08017388       0x98 ./Drivers/STM32H7xx_HAL_Driver/Src/stm32h7xx_hal_uart.o
                0x08017388                HAL_UART_Receive_IT
 .text.HAL_UART_IRQHandler
                0x08017420      0x7ac ./Drivers/STM32H7xx_HAL_Driver/Src/stm32h7xx_hal_uart.o
                0x08017420                HAL_UART_IRQHandler
 .text.HAL_UART_TxCpltCallback
                0x08017bcc       0x14 ./Drivers/STM32H7xx_HAL_Driver/Src/stm32h7xx_hal_uart.o
                0x08017bcc                HAL_UART_TxCpltCallback
 .text.HAL_UART_RxCpltCallback
                0x08017be0       0x14 ./Drivers/STM32H7xx_HAL_Driver/Src/stm32h7xx_hal_uart.o
                0x08017be0                HAL_UART_RxCpltCallback
 .text.HAL_UART_ErrorCallback
                0x08017bf4       0x14 ./Drivers/STM32H7xx_HAL_Driver/Src/stm32h7xx_hal_uart.o
                0x08017bf4                HAL_UART_ErrorCallback
 .text.HAL_UARTEx_RxEventCallback
                0x08017c08       0x18 ./Drivers/STM32H7xx_HAL_Driver/Src/stm32h7xx_hal_uart.o
                0x08017c08                HAL_UARTEx_RxEventCallback
 .text.UART_SetConfig
                0x08017c20      0xcd8 ./Drivers/STM32H7xx_HAL_Driver/Src/stm32h7xx_hal_uart.o
                0x08017c20                UART_SetConfig
 .text.UART_AdvFeatureConfig
                0x080188f8      0x144 ./Drivers/STM32H7xx_HAL_Driver/Src/stm32h7xx_hal_uart.o
                0x080188f8                UART_AdvFeatureConfig
 .text.UART_CheckIdleState
                0x08018a3c      0x154 ./Drivers/STM32H7xx_HAL_Driver/Src/stm32h7xx_hal_uart.o
                0x08018a3c                UART_CheckIdleState
 .text.UART_WaitOnFlagUntilTimeout
                0x08018b90       0xda ./Drivers/STM32H7xx_HAL_Driver/Src/stm32h7xx_hal_uart.o
                0x08018b90                UART_WaitOnFlagUntilTimeout
 *fill*         0x08018c6a        0x2 
 .text.UART_Start_Receive_IT
                0x08018c6c      0x244 ./Drivers/STM32H7xx_HAL_Driver/Src/stm32h7xx_hal_uart.o
                0x08018c6c                UART_Start_Receive_IT
 .text.UART_EndRxTransfer
                0x08018eb0       0xcc ./Drivers/STM32H7xx_HAL_Driver/Src/stm32h7xx_hal_uart.o
 .text.UART_DMAAbortOnError
                0x08018f7c       0x24 ./Drivers/STM32H7xx_HAL_Driver/Src/stm32h7xx_hal_uart.o
 .text.UART_EndTransmit_IT
                0x08018fa0       0x56 ./Drivers/STM32H7xx_HAL_Driver/Src/stm32h7xx_hal_uart.o
 *fill*         0x08018ff6        0x2 
 .text.UART_RxISR_8BIT
                0x08018ff8      0x1b8 ./Drivers/STM32H7xx_HAL_Driver/Src/stm32h7xx_hal_uart.o
 .text.UART_RxISR_16BIT
                0x080191b0      0x1b8 ./Drivers/STM32H7xx_HAL_Driver/Src/stm32h7xx_hal_uart.o
 .text.UART_RxISR_8BIT_FIFOEN
                0x08019368      0x364 ./Drivers/STM32H7xx_HAL_Driver/Src/stm32h7xx_hal_uart.o
 .text.UART_RxISR_16BIT_FIFOEN
                0x080196cc      0x36c ./Drivers/STM32H7xx_HAL_Driver/Src/stm32h7xx_hal_uart.o
 .text.HAL_UARTEx_WakeupCallback
                0x08019a38       0x14 ./Drivers/STM32H7xx_HAL_Driver/Src/stm32h7xx_hal_uart_ex.o
                0x08019a38                HAL_UARTEx_WakeupCallback
 .text.HAL_UARTEx_RxFifoFullCallback
                0x08019a4c       0x14 ./Drivers/STM32H7xx_HAL_Driver/Src/stm32h7xx_hal_uart_ex.o
                0x08019a4c                HAL_UARTEx_RxFifoFullCallback
 .text.HAL_UARTEx_TxFifoEmptyCallback
                0x08019a60       0x14 ./Drivers/STM32H7xx_HAL_Driver/Src/stm32h7xx_hal_uart_ex.o
                0x08019a60                HAL_UARTEx_TxFifoEmptyCallback
 .text.HAL_UARTEx_DisableFifoMode
                0x08019a74       0x72 ./Drivers/STM32H7xx_HAL_Driver/Src/stm32h7xx_hal_uart_ex.o
                0x08019a74                HAL_UARTEx_DisableFifoMode
 .text.HAL_UARTEx_SetTxFifoThreshold
                0x08019ae6       0x7c ./Drivers/STM32H7xx_HAL_Driver/Src/stm32h7xx_hal_uart_ex.o
                0x08019ae6                HAL_UARTEx_SetTxFifoThreshold
 .text.HAL_UARTEx_SetRxFifoThreshold
                0x08019b62       0x7c ./Drivers/STM32H7xx_HAL_Driver/Src/stm32h7xx_hal_uart_ex.o
                0x08019b62                HAL_UARTEx_SetRxFifoThreshold
 *fill*         0x08019bde        0x2 
 .text.UARTEx_SetNbDataToProcess
                0x08019be0       0x9c ./Drivers/STM32H7xx_HAL_Driver/Src/stm32h7xx_hal_uart_ex.o
 .text.atoi     0x08019c7c        0x8 C:/ST/STM32CubeIDE_1.16.0/STM32CubeIDE/plugins/com.st.stm32cube.ide.mcu.externaltools.gnu-tools-for-stm32.12.3.rel1.win32_1.1.0.202410251130/tools/bin/../lib/gcc/arm-none-eabi/12.3.1/../../../../arm-none-eabi/lib/thumb/v7e-m+dp/hard\libc_nano.a(libc_a-atoi.o)
                0x08019c7c                atoi
 .text._strtol_l.constprop.0
                0x08019c84       0xf4 C:/ST/STM32CubeIDE_1.16.0/STM32CubeIDE/plugins/com.st.stm32cube.ide.mcu.externaltools.gnu-tools-for-stm32.12.3.rel1.win32_1.1.0.202410251130/tools/bin/../lib/gcc/arm-none-eabi/12.3.1/../../../../arm-none-eabi/lib/thumb/v7e-m+dp/hard\libc_nano.a(libc_a-strtol.o)
 .text.strtol   0x08019d78       0x14 C:/ST/STM32CubeIDE_1.16.0/STM32CubeIDE/plugins/com.st.stm32cube.ide.mcu.externaltools.gnu-tools-for-stm32.12.3.rel1.win32_1.1.0.202410251130/tools/bin/../lib/gcc/arm-none-eabi/12.3.1/../../../../arm-none-eabi/lib/thumb/v7e-m+dp/hard\libc_nano.a(libc_a-strtol.o)
                0x08019d78                strtol
 .text.__cvt    0x08019d8c       0xa8 C:/ST/STM32CubeIDE_1.16.0/STM32CubeIDE/plugins/com.st.stm32cube.ide.mcu.externaltools.gnu-tools-for-stm32.12.3.rel1.win32_1.1.0.202410251130/tools/bin/../lib/gcc/arm-none-eabi/12.3.1/../../../../arm-none-eabi/lib/thumb/v7e-m+dp/hard\libc_nano.a(libc_a-nano-vfprintf_float.o)
                0x08019d8c                __cvt
 .text.__exponent
                0x08019e34       0x74 C:/ST/STM32CubeIDE_1.16.0/STM32CubeIDE/plugins/com.st.stm32cube.ide.mcu.externaltools.gnu-tools-for-stm32.12.3.rel1.win32_1.1.0.202410251130/tools/bin/../lib/gcc/arm-none-eabi/12.3.1/../../../../arm-none-eabi/lib/thumb/v7e-m+dp/hard\libc_nano.a(libc_a-nano-vfprintf_float.o)
                0x08019e34                __exponent
 .text._printf_float
                0x08019ea8      0x434 C:/ST/STM32CubeIDE_1.16.0/STM32CubeIDE/plugins/com.st.stm32cube.ide.mcu.externaltools.gnu-tools-for-stm32.12.3.rel1.win32_1.1.0.202410251130/tools/bin/../lib/gcc/arm-none-eabi/12.3.1/../../../../arm-none-eabi/lib/thumb/v7e-m+dp/hard\libc_nano.a(libc_a-nano-vfprintf_float.o)
                0x08019ea8                _printf_float
 .text._printf_common
                0x0801a2dc       0xda C:/ST/STM32CubeIDE_1.16.0/STM32CubeIDE/plugins/com.st.stm32cube.ide.mcu.externaltools.gnu-tools-for-stm32.12.3.rel1.win32_1.1.0.202410251130/tools/bin/../lib/gcc/arm-none-eabi/12.3.1/../../../../arm-none-eabi/lib/thumb/v7e-m+dp/hard\libc_nano.a(libc_a-nano-vfprintf_i.o)
                0x0801a2dc                _printf_common
 *fill*         0x0801a3b6        0x2 
 .text._printf_i
                0x0801a3b8      0x240 C:/ST/STM32CubeIDE_1.16.0/STM32CubeIDE/plugins/com.st.stm32cube.ide.mcu.externaltools.gnu-tools-for-stm32.12.3.rel1.win32_1.1.0.202410251130/tools/bin/../lib/gcc/arm-none-eabi/12.3.1/../../../../arm-none-eabi/lib/thumb/v7e-m+dp/hard\libc_nano.a(libc_a-nano-vfprintf_i.o)
                0x0801a3b8                _printf_i
 .text.std      0x0801a5f8       0x6c C:/ST/STM32CubeIDE_1.16.0/STM32CubeIDE/plugins/com.st.stm32cube.ide.mcu.externaltools.gnu-tools-for-stm32.12.3.rel1.win32_1.1.0.202410251130/tools/bin/../lib/gcc/arm-none-eabi/12.3.1/../../../../arm-none-eabi/lib/thumb/v7e-m+dp/hard\libc_nano.a(libc_a-findfp.o)
 .text.stdio_exit_handler
                0x0801a664       0x18 C:/ST/STM32CubeIDE_1.16.0/STM32CubeIDE/plugins/com.st.stm32cube.ide.mcu.externaltools.gnu-tools-for-stm32.12.3.rel1.win32_1.1.0.202410251130/tools/bin/../lib/gcc/arm-none-eabi/12.3.1/../../../../arm-none-eabi/lib/thumb/v7e-m+dp/hard\libc_nano.a(libc_a-findfp.o)
 .text.cleanup_stdio
                0x0801a67c       0x40 C:/ST/STM32CubeIDE_1.16.0/STM32CubeIDE/plugins/com.st.stm32cube.ide.mcu.externaltools.gnu-tools-for-stm32.12.3.rel1.win32_1.1.0.202410251130/tools/bin/../lib/gcc/arm-none-eabi/12.3.1/../../../../arm-none-eabi/lib/thumb/v7e-m+dp/hard\libc_nano.a(libc_a-findfp.o)
 .text.global_stdio_init.part.0
                0x0801a6bc       0x3c C:/ST/STM32CubeIDE_1.16.0/STM32CubeIDE/plugins/com.st.stm32cube.ide.mcu.externaltools.gnu-tools-for-stm32.12.3.rel1.win32_1.1.0.202410251130/tools/bin/../lib/gcc/arm-none-eabi/12.3.1/../../../../arm-none-eabi/lib/thumb/v7e-m+dp/hard\libc_nano.a(libc_a-findfp.o)
 .text.__sfp_lock_acquire
                0x0801a6f8        0xc C:/ST/STM32CubeIDE_1.16.0/STM32CubeIDE/plugins/com.st.stm32cube.ide.mcu.externaltools.gnu-tools-for-stm32.12.3.rel1.win32_1.1.0.202410251130/tools/bin/../lib/gcc/arm-none-eabi/12.3.1/../../../../arm-none-eabi/lib/thumb/v7e-m+dp/hard\libc_nano.a(libc_a-findfp.o)
                0x0801a6f8                __sfp_lock_acquire
 .text.__sfp_lock_release
                0x0801a704        0xc C:/ST/STM32CubeIDE_1.16.0/STM32CubeIDE/plugins/com.st.stm32cube.ide.mcu.externaltools.gnu-tools-for-stm32.12.3.rel1.win32_1.1.0.202410251130/tools/bin/../lib/gcc/arm-none-eabi/12.3.1/../../../../arm-none-eabi/lib/thumb/v7e-m+dp/hard\libc_nano.a(libc_a-findfp.o)
                0x0801a704                __sfp_lock_release
 .text.__sinit  0x0801a710       0x30 C:/ST/STM32CubeIDE_1.16.0/STM32CubeIDE/plugins/com.st.stm32cube.ide.mcu.externaltools.gnu-tools-for-stm32.12.3.rel1.win32_1.1.0.202410251130/tools/bin/../lib/gcc/arm-none-eabi/12.3.1/../../../../arm-none-eabi/lib/thumb/v7e-m+dp/hard\libc_nano.a(libc_a-findfp.o)
                0x0801a710                __sinit
 .text._fwalk_sglue
                0x0801a740       0x3c C:/ST/STM32CubeIDE_1.16.0/STM32CubeIDE/plugins/com.st.stm32cube.ide.mcu.externaltools.gnu-tools-for-stm32.12.3.rel1.win32_1.1.0.202410251130/tools/bin/../lib/gcc/arm-none-eabi/12.3.1/../../../../arm-none-eabi/lib/thumb/v7e-m+dp/hard\libc_nano.a(libc_a-fwalk.o)
                0x0801a740                _fwalk_sglue
 .text.printf   0x0801a77c       0x24 C:/ST/STM32CubeIDE_1.16.0/STM32CubeIDE/plugins/com.st.stm32cube.ide.mcu.externaltools.gnu-tools-for-stm32.12.3.rel1.win32_1.1.0.202410251130/tools/bin/../lib/gcc/arm-none-eabi/12.3.1/../../../../arm-none-eabi/lib/thumb/v7e-m+dp/hard\libc_nano.a(libc_a-printf.o)
                0x0801a77c                iprintf
                0x0801a77c                printf
 .text._puts_r  0x0801a7a0       0xaa C:/ST/STM32CubeIDE_1.16.0/STM32CubeIDE/plugins/com.st.stm32cube.ide.mcu.externaltools.gnu-tools-for-stm32.12.3.rel1.win32_1.1.0.202410251130/tools/bin/../lib/gcc/arm-none-eabi/12.3.1/../../../../arm-none-eabi/lib/thumb/v7e-m+dp/hard\libc_nano.a(libc_a-puts.o)
                0x0801a7a0                _puts_r
 *fill*         0x0801a84a        0x2 
 .text.puts     0x0801a84c       0x10 C:/ST/STM32CubeIDE_1.16.0/STM32CubeIDE/plugins/com.st.stm32cube.ide.mcu.externaltools.gnu-tools-for-stm32.12.3.rel1.win32_1.1.0.202410251130/tools/bin/../lib/gcc/arm-none-eabi/12.3.1/../../../../arm-none-eabi/lib/thumb/v7e-m+dp/hard\libc_nano.a(libc_a-puts.o)
                0x0801a84c                puts
 .text.sprintf  0x0801a85c       0x40 C:/ST/STM32CubeIDE_1.16.0/STM32CubeIDE/plugins/com.st.stm32cube.ide.mcu.externaltools.gnu-tools-for-stm32.12.3.rel1.win32_1.1.0.202410251130/tools/bin/../lib/gcc/arm-none-eabi/12.3.1/../../../../arm-none-eabi/lib/thumb/v7e-m+dp/hard\libc_nano.a(libc_a-sprintf.o)
                0x0801a85c                siprintf
                0x0801a85c                sprintf
 .text.__sread  0x0801a89c       0x22 C:/ST/STM32CubeIDE_1.16.0/STM32CubeIDE/plugins/com.st.stm32cube.ide.mcu.externaltools.gnu-tools-for-stm32.12.3.rel1.win32_1.1.0.202410251130/tools/bin/../lib/gcc/arm-none-eabi/12.3.1/../../../../arm-none-eabi/lib/thumb/v7e-m+dp/hard\libc_nano.a(libc_a-stdio.o)
                0x0801a89c                __sread
 .text.__swrite
                0x0801a8be       0x38 C:/ST/STM32CubeIDE_1.16.0/STM32CubeIDE/plugins/com.st.stm32cube.ide.mcu.externaltools.gnu-tools-for-stm32.12.3.rel1.win32_1.1.0.202410251130/tools/bin/../lib/gcc/arm-none-eabi/12.3.1/../../../../arm-none-eabi/lib/thumb/v7e-m+dp/hard\libc_nano.a(libc_a-stdio.o)
                0x0801a8be                __swrite
 .text.__sseek  0x0801a8f6       0x24 C:/ST/STM32CubeIDE_1.16.0/STM32CubeIDE/plugins/com.st.stm32cube.ide.mcu.externaltools.gnu-tools-for-stm32.12.3.rel1.win32_1.1.0.202410251130/tools/bin/../lib/gcc/arm-none-eabi/12.3.1/../../../../arm-none-eabi/lib/thumb/v7e-m+dp/hard\libc_nano.a(libc_a-stdio.o)
                0x0801a8f6                __sseek
 .text.__sclose
                0x0801a91a        0x8 C:/ST/STM32CubeIDE_1.16.0/STM32CubeIDE/plugins/com.st.stm32cube.ide.mcu.externaltools.gnu-tools-for-stm32.12.3.rel1.win32_1.1.0.202410251130/tools/bin/../lib/gcc/arm-none-eabi/12.3.1/../../../../arm-none-eabi/lib/thumb/v7e-m+dp/hard\libc_nano.a(libc_a-stdio.o)
                0x0801a91a                __sclose
 .text.__swbuf_r
                0x0801a922       0x7c C:/ST/STM32CubeIDE_1.16.0/STM32CubeIDE/plugins/com.st.stm32cube.ide.mcu.externaltools.gnu-tools-for-stm32.12.3.rel1.win32_1.1.0.202410251130/tools/bin/../lib/gcc/arm-none-eabi/12.3.1/../../../../arm-none-eabi/lib/thumb/v7e-m+dp/hard\libc_nano.a(libc_a-wbuf.o)
                0x0801a922                __swbuf_r
 *fill*         0x0801a99e        0x2 
 .text.__swsetup_r
                0x0801a9a0       0xac C:/ST/STM32CubeIDE_1.16.0/STM32CubeIDE/plugins/com.st.stm32cube.ide.mcu.externaltools.gnu-tools-for-stm32.12.3.rel1.win32_1.1.0.202410251130/tools/bin/../lib/gcc/arm-none-eabi/12.3.1/../../../../arm-none-eabi/lib/thumb/v7e-m+dp/hard\libc_nano.a(libc_a-wsetup.o)
                0x0801a9a0                __swsetup_r
 .text.memset   0x0801aa4c       0x10 C:/ST/STM32CubeIDE_1.16.0/STM32CubeIDE/plugins/com.st.stm32cube.ide.mcu.externaltools.gnu-tools-for-stm32.12.3.rel1.win32_1.1.0.202410251130/tools/bin/../lib/gcc/arm-none-eabi/12.3.1/../../../../arm-none-eabi/lib/thumb/v7e-m+dp/hard\libc_nano.a(libc_a-memset.o)
                0x0801aa4c                memset
 .text.strcat   0x0801aa5c       0x1e C:/ST/STM32CubeIDE_1.16.0/STM32CubeIDE/plugins/com.st.stm32cube.ide.mcu.externaltools.gnu-tools-for-stm32.12.3.rel1.win32_1.1.0.202410251130/tools/bin/../lib/gcc/arm-none-eabi/12.3.1/../../../../arm-none-eabi/lib/thumb/v7e-m+dp/hard\libc_nano.a(libc_a-strcat.o)
                0x0801aa5c                strcat
 *fill*         0x0801aa7a        0x2 
 .text.strtok   0x0801aa7c       0x68 C:/ST/STM32CubeIDE_1.16.0/STM32CubeIDE/plugins/com.st.stm32cube.ide.mcu.externaltools.gnu-tools-for-stm32.12.3.rel1.win32_1.1.0.202410251130/tools/bin/../lib/gcc/arm-none-eabi/12.3.1/../../../../arm-none-eabi/lib/thumb/v7e-m+dp/hard\libc_nano.a(libc_a-strtok.o)
                0x0801aa7c                strtok
 .text.__strtok_r
                0x0801aae4       0x50 C:/ST/STM32CubeIDE_1.16.0/STM32CubeIDE/plugins/com.st.stm32cube.ide.mcu.externaltools.gnu-tools-for-stm32.12.3.rel1.win32_1.1.0.202410251130/tools/bin/../lib/gcc/arm-none-eabi/12.3.1/../../../../arm-none-eabi/lib/thumb/v7e-m+dp/hard\libc_nano.a(libc_a-strtok_r.o)
                0x0801aae4                __strtok_r
 .text._localeconv_r
                0x0801ab34        0x8 C:/ST/STM32CubeIDE_1.16.0/STM32CubeIDE/plugins/com.st.stm32cube.ide.mcu.externaltools.gnu-tools-for-stm32.12.3.rel1.win32_1.1.0.202410251130/tools/bin/../lib/gcc/arm-none-eabi/12.3.1/../../../../arm-none-eabi/lib/thumb/v7e-m+dp/hard\libc_nano.a(libc_a-localeconv.o)
                0x0801ab34                _localeconv_r
 .text._close_r
                0x0801ab3c       0x20 C:/ST/STM32CubeIDE_1.16.0/STM32CubeIDE/plugins/com.st.stm32cube.ide.mcu.externaltools.gnu-tools-for-stm32.12.3.rel1.win32_1.1.0.202410251130/tools/bin/../lib/gcc/arm-none-eabi/12.3.1/../../../../arm-none-eabi/lib/thumb/v7e-m+dp/hard\libc_nano.a(libc_a-closer.o)
                0x0801ab3c                _close_r
 .text._lseek_r
                0x0801ab5c       0x24 C:/ST/STM32CubeIDE_1.16.0/STM32CubeIDE/plugins/com.st.stm32cube.ide.mcu.externaltools.gnu-tools-for-stm32.12.3.rel1.win32_1.1.0.202410251130/tools/bin/../lib/gcc/arm-none-eabi/12.3.1/../../../../arm-none-eabi/lib/thumb/v7e-m+dp/hard\libc_nano.a(libc_a-lseekr.o)
                0x0801ab5c                _lseek_r
 .text._read_r  0x0801ab80       0x24 C:/ST/STM32CubeIDE_1.16.0/STM32CubeIDE/plugins/com.st.stm32cube.ide.mcu.externaltools.gnu-tools-for-stm32.12.3.rel1.win32_1.1.0.202410251130/tools/bin/../lib/gcc/arm-none-eabi/12.3.1/../../../../arm-none-eabi/lib/thumb/v7e-m+dp/hard\libc_nano.a(libc_a-readr.o)
                0x0801ab80                _read_r
 .text._write_r
                0x0801aba4       0x24 C:/ST/STM32CubeIDE_1.16.0/STM32CubeIDE/plugins/com.st.stm32cube.ide.mcu.externaltools.gnu-tools-for-stm32.12.3.rel1.win32_1.1.0.202410251130/tools/bin/../lib/gcc/arm-none-eabi/12.3.1/../../../../arm-none-eabi/lib/thumb/v7e-m+dp/hard\libc_nano.a(libc_a-writer.o)
                0x0801aba4                _write_r
 .text.__errno  0x0801abc8        0xc C:/ST/STM32CubeIDE_1.16.0/STM32CubeIDE/plugins/com.st.stm32cube.ide.mcu.externaltools.gnu-tools-for-stm32.12.3.rel1.win32_1.1.0.202410251130/tools/bin/../lib/gcc/arm-none-eabi/12.3.1/../../../../arm-none-eabi/lib/thumb/v7e-m+dp/hard\libc_nano.a(libc_a-errno.o)
                0x0801abc8                __errno
 .text.__libc_init_array
                0x0801abd4       0x48 C:/ST/STM32CubeIDE_1.16.0/STM32CubeIDE/plugins/com.st.stm32cube.ide.mcu.externaltools.gnu-tools-for-stm32.12.3.rel1.win32_1.1.0.202410251130/tools/bin/../lib/gcc/arm-none-eabi/12.3.1/../../../../arm-none-eabi/lib/thumb/v7e-m+dp/hard\libc_nano.a(libc_a-init.o)
                0x0801abd4                __libc_init_array
 .text.__retarget_lock_init_recursive
                0x0801ac1c        0x2 C:/ST/STM32CubeIDE_1.16.0/STM32CubeIDE/plugins/com.st.stm32cube.ide.mcu.externaltools.gnu-tools-for-stm32.12.3.rel1.win32_1.1.0.202410251130/tools/bin/../lib/gcc/arm-none-eabi/12.3.1/../../../../arm-none-eabi/lib/thumb/v7e-m+dp/hard\libc_nano.a(libc_a-lock.o)
                0x0801ac1c                __retarget_lock_init_recursive
 .text.__retarget_lock_acquire_recursive
                0x0801ac1e        0x2 C:/ST/STM32CubeIDE_1.16.0/STM32CubeIDE/plugins/com.st.stm32cube.ide.mcu.externaltools.gnu-tools-for-stm32.12.3.rel1.win32_1.1.0.202410251130/tools/bin/../lib/gcc/arm-none-eabi/12.3.1/../../../../arm-none-eabi/lib/thumb/v7e-m+dp/hard\libc_nano.a(libc_a-lock.o)
                0x0801ac1e                __retarget_lock_acquire_recursive
 .text.__retarget_lock_release_recursive
                0x0801ac20        0x2 C:/ST/STM32CubeIDE_1.16.0/STM32CubeIDE/plugins/com.st.stm32cube.ide.mcu.externaltools.gnu-tools-for-stm32.12.3.rel1.win32_1.1.0.202410251130/tools/bin/../lib/gcc/arm-none-eabi/12.3.1/../../../../arm-none-eabi/lib/thumb/v7e-m+dp/hard\libc_nano.a(libc_a-lock.o)
                0x0801ac20                __retarget_lock_release_recursive
 .text.memcpy   0x0801ac22       0x1c C:/ST/STM32CubeIDE_1.16.0/STM32CubeIDE/plugins/com.st.stm32cube.ide.mcu.externaltools.gnu-tools-for-stm32.12.3.rel1.win32_1.1.0.202410251130/tools/bin/../lib/gcc/arm-none-eabi/12.3.1/../../../../arm-none-eabi/lib/thumb/v7e-m+dp/hard\libc_nano.a(libc_a-memcpy-stub.o)
                0x0801ac22                memcpy
 *fill*         0x0801ac3e        0x2 
 .text.__assert_func
                0x0801ac40       0x3c C:/ST/STM32CubeIDE_1.16.0/STM32CubeIDE/plugins/com.st.stm32cube.ide.mcu.externaltools.gnu-tools-for-stm32.12.3.rel1.win32_1.1.0.202410251130/tools/bin/../lib/gcc/arm-none-eabi/12.3.1/../../../../arm-none-eabi/lib/thumb/v7e-m+dp/hard\libc_nano.a(libc_a-assert.o)
                0x0801ac40                __assert_func
 .text.quorem   0x0801ac7c      0x110 C:/ST/STM32CubeIDE_1.16.0/STM32CubeIDE/plugins/com.st.stm32cube.ide.mcu.externaltools.gnu-tools-for-stm32.12.3.rel1.win32_1.1.0.202410251130/tools/bin/../lib/gcc/arm-none-eabi/12.3.1/../../../../arm-none-eabi/lib/thumb/v7e-m+dp/hard\libc_nano.a(libc_a-dtoa.o)
 *fill*         0x0801ad8c        0x4 
 .text._dtoa_r  0x0801ad90      0xaac C:/ST/STM32CubeIDE_1.16.0/STM32CubeIDE/plugins/com.st.stm32cube.ide.mcu.externaltools.gnu-tools-for-stm32.12.3.rel1.win32_1.1.0.202410251130/tools/bin/../lib/gcc/arm-none-eabi/12.3.1/../../../../arm-none-eabi/lib/thumb/v7e-m+dp/hard\libc_nano.a(libc_a-dtoa.o)
                0x0801ad90                _dtoa_r
 .text._free_r  0x0801b83c       0x94 C:/ST/STM32CubeIDE_1.16.0/STM32CubeIDE/plugins/com.st.stm32cube.ide.mcu.externaltools.gnu-tools-for-stm32.12.3.rel1.win32_1.1.0.202410251130/tools/bin/../lib/gcc/arm-none-eabi/12.3.1/../../../../arm-none-eabi/lib/thumb/v7e-m+dp/hard\libc_nano.a(libc_a-freer.o)